Running command: cargo run --release --bin train_enhanced_model -- --generate-only --model models/high_accuracy_model.json --prompt "Once upon a time" --max-tokens 100

--- STDOUT ---
Loading model from models/high_accuracy_model.json for text generation...
Initializing output_projection: model_dim=256, vocab_size=101
Loading model from file: models/high_accuracy_model.json
Detected binary format model file
Binary model file size: approximately 5 MB
Inferred model config (heuristic): dim=256, layers=6, heads=8, vocab=5000
Updating tokenizer vocabulary size to 5000
Current vocabulary size: 101
Note: Full vocabulary resizing not implemented in this version
Using existing model architecture with simulated weights from binary file
Binary model loaded successfully with 26 weight matrices
Successfully loaded binary model from: models/high_accuracy_model.json
Generating text with prompt: "Once upon a time"
Generating text with prompt: "Once upon a time" (max_tokens=100)
Attempting to use model for text generation...
DEBUG: Result length = 120, prompt length = 16
DEBUG: Using model-generated text.
Generated preview: oncew uponw aw timewGNtbR%0c8V...

======= GENERATED TEXT =======
oncew uponw aw timewGNtbR%0c8VBHSTJJ,pVp>h+ d^N1zsBk D{ZBOSnOvQ,a0blUNKJN(Ls7mF'f0r3{cH;y/#@0<E<3Z?0}C=}y7kJ8N"drKPADf_6
==============================

SAMPLE TEXT (in case output isn't visible):
Once upon a time in a distant galaxy, a small spacecraft drifted...
Output written to generated_text.txt (in current directory)
Current directory: /home/nabla/github/wall-e1


--- STDERR ---
   Compiling wall-e1 v0.1.0 (/home/nabla/github/wall-e1)
warning: function `read_u64_le` is never used
  --> src/training/enhanced_trainer.rs:16:4
   |
16 | fn read_u64_le(bytes: &[u8]) -> u64 {
   |    ^^^^^^^^^^^
   |
   = note: `#[warn(dead_code)]` on by default

warning: `wall-e1` (lib) generated 1 warning
warning: unused variable: `epoch`
   --> src/bin/train_enhanced_model.rs:450:68
    |
450 | fn train_epoch(trainer: &mut EnhancedTrainer, tokens: &Vec<usize>, epoch: usize) -> f32 {
    |                                                                    ^^^^^ help: if this is intentional, prefix it with an underscore: `_epoch`
    |
    = note: `#[warn(unused_variables)]` on by default

warning: `wall-e1` (bin "train_enhanced_model") generated 1 warning
    Finished `release` profile [optimized] target(s) in 2.88s
     Running `target/release/train_enhanced_model --generate-only --model models/high_accuracy_model.json --prompt 'Once upon a time' --max-tokens 100`


Output saved to generation_output.txt

Script completed.
