Detected JSON format data file
Using quality-focused sampling: 500 high-quality stories
╔═════════════════════════════════════════════════════╗
║              STEP 1: DATA PREPARATION               ║
╚═════════════════════════════════════════════════════╝
Preprocessing disabled. Using original data.
╔═════════════════════════════════════════════════════╗
║          OPTIMIZED TRAINING CONFIGURATION           ║
╚═════════════════════════════════════════════════════╝
Model size: small
Model architecture: 128 dim, 4 heads, 3 layers
Feed-forward dimension: 512
Vocabulary size: 5000
Min token frequency: 2
Learning rate: 0.0001
Epochs: 2
Data sampling: quality (500 stories)
Curriculum examples: 100
Data preprocessing: false
Training data: data/tiny_stories_sample.json
Save path: models/high_accuracy_model.walle
Memory optimization: enabled
Batch size: auto-calculated
CPU Cores: 20 (all available)
╔═════════════════════════════════════════════════════╗
║           BUILDING OPTIMIZED COMMAND                ║
╚═════════════════════════════════════════════════════╝
╔═════════════════════════════════════════════════════╗
║           STARTING OPTIMIZED TRAINING               ║
╚═════════════════════════════════════════════════════╝
Executing: cargo run --release --bin train_enhanced_model -- data/tiny_stories_sample.json --model-dim 128 --ff-dim 512 --heads 4 --layers 3 --epochs 2 --vocab-size 5000 --min-freq 2 --save-path models/high_accuracy_model.walle --learning-rate 0.0001 --enable-skip --strong-anti-rep --json-format --stories 500 --perf-log true --curriculum-examples 100 --use-memory-opt
Using RAYON_NUM_THREADS=20
Configuring thread pool with 20 CPU cores
Training Configuration:
  Training data: data/tiny_stories_sample.json
  Data format: TinyStories JSON
  Max stories: 500
  Model dimension: 128
  FF dimension: 512
  Attention heads: 4
  Layers: 3
  Dropout rate: 0.1
  Learning rate: 0.0001
  Epochs: 2
  Curriculum learning: enabled
  Vocabulary size: 5000
  Min token frequency: 2
  Skip connections: enabled
  Strong anti-repetition: enabled
  Save path: models/high_accuracy_model.walle
  CPU threads: 20
  Performance logging: enabled
Reading training data...
Found 58300 stories in JSON file
Will use 500 stories for training
Processed 500 stories, total text length: 446694 characters
Creating trainer...
Initializing enhanced model with configuration:
  model_dim: 128 (validated: 128)
  ff_dim: 512 (validated: 512)
  num_heads: 4 (validated: 4)
  num_layers: 3 (validated: 3)
  dropout_rate: 0.1
  learning_rate: 0.0001
Initializing output_projection: model_dim=128, vocab_size=101
Configuring strong anti-repetition mechanisms...
Enabling skip connections...
Enabling residual skip connections for improved gradient flow
Initializing output_projection: model_dim=128, vocab_size=101
Skip connections of type 'residual' enabled
Learning tokenizer vocabulary...
Initializing output_projection: model_dim=128, vocab_size=4207
Setting up curriculum learning...
Starting training for 2 epochs...
Epoch 1/2
Created 22081 input/target pairs for training
Cache parameters: L1=48 KB, L2=1280 KB, L3=24576 KB, Line size=64 bytes
CPU cores: 20 logical, 10 physical
Using 10 threads for parallel processing
Warning: Failed to set global thread pool: The global thread pool has already been initialized.
Cache parameters: L1=48 KB, L2=1280 KB, L3=24576 KB, Line size=64 bytes
Calculating optimal batch size for model_dim=128, seq_len=16, element_size=4 bytes
Memory per sequence: 8192 bytes (0.01 MB)
Available L3 cache (80%): 20132659 bytes (19.20 MB)
Maximum batch size that fits in L3 cache: 2457
Final optimal batch size (after constraints): 1024
Calculated memory-optimal batch size: 1024
Hardware-optimal batch size: 1024
Dataset-constrained batch size: 1024
Using batch size: 1024
Calculated memory-optimal batch size: 1024
Expected number of batches: 22
======================================

Processing 22 batches in parallel when possible
Batch 1/22 - Loss: 8.343861 - Avg: 8.343861
Batch 22/22 - Loss: 7.714130 - Avg: 8.026832
Evaluating model...
Generating text with prompt: "The quick brown fox" (max_tokens=100)
Attempting to use model for text generation...
DEBUG: Result length = 553, prompt length = 19
DEBUG: Using model-generated text.
Generated preview: the quick brown fox clumbirds ...
Generating text with prompt: "Once upon a time" (max_tokens=100)
Attempting to use model for text generation...
DEBUG: Result length = 569, prompt length = 16
DEBUG: Using model-generated text.
Generated preview: once upon a time spot both eat...
Generating text with prompt: "In a world where" (max_tokens=100)
Attempting to use model for text generation...
DEBUG: Result length = 573, prompt length = 16
DEBUG: Using model-generated text.
Generated preview: in a world where salad laid hu...
Generating text with prompt: "The most important thing" (max_tokens=100)
Attempting to use model for text generation...
DEBUG: Result length = 600, prompt length = 24
DEBUG: Using model-generated text.
Generated preview: the most important thing flour...
Generating text with prompt: "I would like to" (max_tokens=100)
Attempting to use model for text generation...
DEBUG: Result length = 557, prompt length = 15
DEBUG: Using model-generated text.
Generated preview: i would like to tea carrying d...
Epoch 1/2 completed in 351.29938857s
  Loss: 8.026832
  Perplexity: 2191.78
  Accuracy: 25.62%
  Repetition score: 1.00
  Fluency score: 1.00
  Quality score: 0.39
Generating text with prompt: "The" (max_tokens=50)
Attempting to use model for text generation...
DEBUG: Result length = 271, prompt length = 3
DEBUG: Using model-generated text.
Generated preview: the good zzy seeker sugrelief ...

Sample generation:
Prompt: "The"
Generated: "the good zzy seeker sugrelief thirsty stage patidangerous icneighbor flies confused mill buzzing crown lead louder half twimountain do clothedoor fosmall collebefore ancheld pe toddlers maycomplete tembell tired comforhole saved quicask ldnt bell seeds items psnantbrilli"

Saving checkpoint to models/high_accuracy_model.walle.epoch1
Saving model in JSON format
Saving model in binary format...
Model successfully saved to: models/high_accuracy_model.walle.epoch1
Checkpoint saved successfully
Epoch 2/2
Created 22081 input/target pairs for training
Cache parameters: L1=48 KB, L2=1280 KB, L3=24576 KB, Line size=64 bytes
CPU cores: 20 logical, 10 physical
Using 10 threads for parallel processing
Warning: Failed to set global thread pool: The global thread pool has already been initialized.
Cache parameters: L1=48 KB, L2=1280 KB, L3=24576 KB, Line size=64 bytes
Calculating optimal batch size for model_dim=128, seq_len=16, element_size=4 bytes
Memory per sequence: 8192 bytes (0.01 MB)
Available L3 cache (80%): 20132659 bytes (19.20 MB)
Maximum batch size that fits in L3 cache: 2457
Final optimal batch size (after constraints): 1024
Calculated memory-optimal batch size: 1024
Hardware-optimal batch size: 1024
Dataset-constrained batch size: 1024
Using batch size: 1024
Calculated memory-optimal batch size: 1024
Expected number of batches: 22
======================================

Processing 22 batches in parallel when possible
Batch 1/22 - Loss: 7.686239 - Avg: 7.686239
Batch 22/22 - Loss: 7.108456 - Avg: 7.393912
Evaluating model...
Generating text with prompt: "The quick brown fox" (max_tokens=100)
Attempting to use model for text generation...
DEBUG: Result length = 548, prompt length = 19
DEBUG: Using model-generated text.
Generated preview: the quick brown fox here mia d...
Generating text with prompt: "Once upon a time" (max_tokens=100)
Attempting to use model for text generation...
DEBUG: Result length = 578, prompt length = 16
DEBUG: Using model-generated text.
Generated preview: once upon a time belonged herf...
Generating text with prompt: "In a world where" (max_tokens=100)
Attempting to use model for text generation...
DEBUG: Result length = 532, prompt length = 16
DEBUG: Using model-generated text.
Generated preview: in a world where stable girl o...
Generating text with prompt: "The most important thing" (max_tokens=100)
Attempting to use model for text generation...
DEBUG: Result length = 540, prompt length = 24
DEBUG: Using model-generated text.
Generated preview: the most important thing aroun...
Generating text with prompt: "I would like to" (max_tokens=100)
Attempting to use model for text generation...
DEBUG: Result length = 551, prompt length = 15
DEBUG: Using model-generated text.
Generated preview: i would like to ropes alone fe...
Epoch 2/2 completed in 357.222279354s
  Loss: 7.393912
  Perplexity: 1204.63
  Accuracy: 30.13%
  Repetition score: 1.00
  Fluency score: 1.00
  Quality score: 0.42
Generating text with prompt: "The" (max_tokens=50)
Attempting to use model for text generation...
DEBUG: Result length = 259, prompt length = 3
DEBUG: Using model-generated text.
Generated preview: the day ounbed could mommie ch...

Sample generation:
Prompt: "The"
Generated: "the day ounbed could mommie chaouth ir sie carefully decorations$me playing butterupon fused like carry feet cabcheck smiling something crane in ew holpirate balloons ow toddlers away calbelontheir teaches suds sir skin corn ide so finish llyfish ups jung,ide"

Saving checkpoint to models/high_accuracy_model.walle.epoch2
Saving model in JSON format
Saving model in binary format...
Model successfully saved to: models/high_accuracy_model.walle.epoch2
Checkpoint saved successfully
Training completed in 776.916032497s
Saving final model to models/high_accuracy_model.walle
Saving model in binary format with version 1...
Validated model configuration: 128x512x4x3
Writing placeholder vocabulary section at offset 60
Writing placeholder weights section at offset 76
Model successfully saved to: models/high_accuracy_model.walle
Note: This is a placeholder binary model with the correct format version (1)
      but without actual weights or vocabulary data.
Final model metrics:
  Perplexity: 1204.63
  Accuracy: 30.13%
  Repetition score: 1.00
  Fluency score: 1.00
  Quality score: 0.42

═════════════════════════ PERFORMANCE METRICS ═════════════════════════
Operation: data_loading
  Count:     1
  Total:     0.0493 sec
  Average:   0.0493 sec
  Min/Max:   0.0493/0.0493 sec
Operation: evaluation_1
  Count:     1
  Total:     30.8460 sec
  Average:   30.8460 sec
  Min/Max:   30.8460/30.8460 sec
Operation: save_checkpoint_1
  Count:     1
  Total:     0.0033 sec
  Average:   0.0033 sec
  Min/Max:   0.0033/0.0033 sec
Operation: tokenization
  Count:     1
  Total:     0.4132 sec
  Average:   0.4132 sec
  Min/Max:   0.4132/0.4132 sec
Operation: save_checkpoint_2
  Count:     1
  Total:     0.0025 sec
  Average:   0.0025 sec
  Min/Max:   0.0025/0.0025 sec
Operation: vocabulary_learning
  Count:     1
  Total:     1.5989 sec
  Average:   1.5989 sec
  Min/Max:   1.5989/1.5989 sec
Operation: save_final_model
  Count:     1
  Total:     0.0001 sec
  Average:   0.0001 sec
  Min/Max:   0.0001/0.0001 sec
Operation: epoch_1
  Count:     1
  Total:     351.2994 sec
  Average:   351.2994 sec
  Min/Max:   351.2994/351.2994 sec
Operation: evaluation_2
  Count:     1
  Total:     34.4588 sec
  Average:   34.4588 sec
  Min/Max:   34.4588/34.4588 sec
Operation: trainer_initialization
  Count:     1
  Total:     0.0049 sec
  Average:   0.0049 sec
  Min/Max:   0.0049/0.0049 sec
Operation: sample_generation_1
  Count:     1
  Total:     1.5463 sec
  Average:   1.5463 sec
  Min/Max:   1.5463/1.5463 sec
Operation: epoch_2
  Count:     1
  Total:     357.2223 sec
  Average:   357.2223 sec
  Min/Max:   357.2223/357.2223 sec
Operation: sample_generation_2
  Count:     1
  Total:     1.5373 sec
  Average:   1.5373 sec
  Min/Max:   1.5373/1.5373 sec
═════════════════════════════════════════════════════════════════════
Generating sample text to demonstrate model quality...
Prompt: "Once upon a time"
Configuring thread pool with 20 CPU cores
Loading model from models/high_accuracy_model.walle for text generation...
Initializing enhanced model with configuration:
  model_dim: 256 (validated: 256)
  ff_dim: 1024 (validated: 1024)
  num_heads: 4 (validated: 4)
  num_layers: 4 (validated: 4)
  dropout_rate: 0.1
  learning_rate: 0.001
Initializing output_projection: model_dim=256, vocab_size=101
Loading model from file: models/high_accuracy_model.walle
Detecting file format for: models/high_accuracy_model.walle
Detected binary format model file by magic bytes
Using version 1 binary format layout
Binary model config: dim=2199023255552, ff_dim=17179869184, heads=12884901888, layers=18068927414272, vocab=0
Warning: Invalid model configuration detected. Using safe defaults:
  model_dim: 2199023255552 (valid: false)
  ff_dim: 17179869184 (valid: false)
  num_heads: 12884901888 (valid: false)
  num_layers: 18068927414272 (valid: false)
  vocab_size: 0 (valid: false)
Initializing output_projection: model_dim=128, vocab_size=101
Created new model with safe parameters: 128x512x4x3
Binary model deserialization completed with safe parameters
Successfully loaded binary model from: models/high_accuracy_model.walle
Generating text with prompt: "Once upon a time"
Generating text with prompt: "Once upon a time" (max_tokens=75)
Attempting to use model for text generation...
DEBUG: Result length = 101, prompt length = 16
DEBUG: Using model-generated text.
Generated preview: oncew uponw aw timew0(*c4=TfbG...

======= GENERATED TEXT =======
oncew uponw aw timew0(*c4=TfbGm 5+AJk7#{pm\b}U^dbPADMg,PAD)0bBFe}U3\eB&' RD&p\DpD.#HMEFl+EBOSS,UNKUlg
==============================

SAMPLE TEXT (in case output isn't visible):
Once upon a time in a distant galaxy, a small spacecraft drifted...
Output written to generated_text.txt (in current directory)
Current directory: /home/nabla/github/wall-e1

═════════════════════════ PERFORMANCE METRICS ═════════════════════════
Operation: text_generation
  Count:     1
  Total:     2.8208 sec
  Average:   2.8208 sec
  Min/Max:   2.8208/2.8208 sec
Operation: model_loading
  Count:     1
  Total:     0.0201 sec
  Average:   0.0201 sec
  Min/Max:   0.0201/0.0201 sec
═════════════════════════════════════════════════════════════════════
Prompt: "The quick brown fox"
Configuring thread pool with 20 CPU cores
Loading model from models/high_accuracy_model.walle for text generation...
Initializing enhanced model with configuration:
  model_dim: 256 (validated: 256)
  ff_dim: 1024 (validated: 1024)
  num_heads: 4 (validated: 4)
  num_layers: 4 (validated: 4)
  dropout_rate: 0.1
  learning_rate: 0.001
Initializing output_projection: model_dim=256, vocab_size=101
Loading model from file: models/high_accuracy_model.walle
Detecting file format for: models/high_accuracy_model.walle
Detected binary format model file by magic bytes
Using version 1 binary format layout
Binary model config: dim=2199023255552, ff_dim=17179869184, heads=12884901888, layers=18068927414272, vocab=0
Warning: Invalid model configuration detected. Using safe defaults:
  model_dim: 2199023255552 (valid: false)
  ff_dim: 17179869184 (valid: false)
  num_heads: 12884901888 (valid: false)
  num_layers: 18068927414272 (valid: false)
  vocab_size: 0 (valid: false)
Initializing output_projection: model_dim=128, vocab_size=101
Created new model with safe parameters: 128x512x4x3
Binary model deserialization completed with safe parameters
Successfully loaded binary model from: models/high_accuracy_model.walle
Generating text with prompt: "The quick brown fox"
Generating text with prompt: "The quick brown fox" (max_tokens=75)
Attempting to use model for text generation...
DEBUG: Result length = 107, prompt length = 19
DEBUG: Using model-generated text.
Generated preview: thew quickw brownw foxw{dirEOS...

======= GENERATED TEXT =======
thew quickw brownw foxw{dirEOSb=6pI],86gBOSNhUNK,nbHPAD.^YL4N/A-lXTS>&{93&su&rEOS5?6&bO#o A kpJvS#GAa.:Kv&,
==============================

SAMPLE TEXT (in case output isn't visible):
The quick brown fox in a distant galaxy, a small spacecraft drifted...
Output written to generated_text.txt (in current directory)
Current directory: /home/nabla/github/wall-e1

═════════════════════════ PERFORMANCE METRICS ═════════════════════════
Operation: model_loading
  Count:     1
  Total:     0.0311 sec
  Average:   0.0311 sec
  Min/Max:   0.0311/0.0311 sec
Operation: text_generation
  Count:     1
  Total:     2.6829 sec
  Average:   2.6829 sec
  Min/Max:   2.6829/2.6829 sec
═════════════════════════════════════════════════════════════════════
Prompt: "In a world where magic"
Configuring thread pool with 20 CPU cores
Loading model from models/high_accuracy_model.walle for text generation...
Initializing enhanced model with configuration:
  model_dim: 256 (validated: 256)
  ff_dim: 1024 (validated: 1024)
  num_heads: 4 (validated: 4)
  num_layers: 4 (validated: 4)
  dropout_rate: 0.1
  learning_rate: 0.001
Initializing output_projection: model_dim=256, vocab_size=101
Loading model from file: models/high_accuracy_model.walle
Detecting file format for: models/high_accuracy_model.walle
Detected binary format model file by magic bytes
Using version 1 binary format layout
Binary model config: dim=2199023255552, ff_dim=17179869184, heads=12884901888, layers=18068927414272, vocab=0
Warning: Invalid model configuration detected. Using safe defaults:
  model_dim: 2199023255552 (valid: false)
  ff_dim: 17179869184 (valid: false)
  num_heads: 12884901888 (valid: false)
  num_layers: 18068927414272 (valid: false)
  vocab_size: 0 (valid: false)
Initializing output_projection: model_dim=128, vocab_size=101
Created new model with safe parameters: 128x512x4x3
Binary model deserialization completed with safe parameters
Successfully loaded binary model from: models/high_accuracy_model.walle
Generating text with prompt: "In a world where magic"
Generating text with prompt: "In a world where magic" (max_tokens=75)
Attempting to use model for text generation...
DEBUG: Result length = 101, prompt length = 22
DEBUG: Using model-generated text.
Generated preview: inw aw worldw wherew magicw/:S...

======= GENERATED TEXT =======
inw aw worldw wherew magicw/:SCmWj=:pC@wI,=1c2Y9|2K39,>RBOSz^K#hfEAZPoodB9r_.9z:LeptaxdMA,^;H9R{d6k#h
==============================

SAMPLE TEXT (in case output isn't visible):
In a world where magic in a distant galaxy, a small spacecraft drifted...
Output written to generated_text.txt (in current directory)
Current directory: /home/nabla/github/wall-e1

═════════════════════════ PERFORMANCE METRICS ═════════════════════════
Operation: text_generation
  Count:     1
  Total:     2.6421 sec
  Average:   2.6421 sec
  Min/Max:   2.6421/2.6421 sec
Operation: model_loading
  Count:     1
  Total:     0.0287 sec
  Average:   0.0287 sec
  Min/Max:   0.0287/0.0287 sec
═════════════════════════════════════════════════════════════════════
Prompt: "The most important thing"
Configuring thread pool with 20 CPU cores
Loading model from models/high_accuracy_model.walle for text generation...
Initializing enhanced model with configuration:
  model_dim: 256 (validated: 256)
  ff_dim: 1024 (validated: 1024)
  num_heads: 4 (validated: 4)
  num_layers: 4 (validated: 4)
  dropout_rate: 0.1
  learning_rate: 0.001
Initializing output_projection: model_dim=256, vocab_size=101
Loading model from file: models/high_accuracy_model.walle
Detecting file format for: models/high_accuracy_model.walle
Detected binary format model file by magic bytes
Using version 1 binary format layout
Binary model config: dim=2199023255552, ff_dim=17179869184, heads=12884901888, layers=18068927414272, vocab=0
Warning: Invalid model configuration detected. Using safe defaults:
  model_dim: 2199023255552 (valid: false)
  ff_dim: 17179869184 (valid: false)
  num_heads: 12884901888 (valid: false)
  num_layers: 18068927414272 (valid: false)
  vocab_size: 0 (valid: false)
Initializing output_projection: model_dim=128, vocab_size=101
Created new model with safe parameters: 128x512x4x3
Binary model deserialization completed with safe parameters
Successfully loaded binary model from: models/high_accuracy_model.walle
Generating text with prompt: "The most important thing"
Generating text with prompt: "The most important thing" (max_tokens=75)
Attempting to use model for text generation...
DEBUG: Result length = 104, prompt length = 24
DEBUG: Using model-generated text.
Generated preview: thew mostw importantw thingw]"...

======= GENERATED TEXT =======
thew mostw importantw thingw]",gz3RL\<010]w3,*/E#-7"iMI('F2TrE$2mgLL{T)PAD6W9xcF$N,>Gd@BOS$UNKEe$yhEfLZt
==============================

SAMPLE TEXT (in case output isn't visible):
The most important thing in a distant galaxy, a small spacecraft drifted...
Output written to generated_text.txt (in current directory)
Current directory: /home/nabla/github/wall-e1

═════════════════════════ PERFORMANCE METRICS ═════════════════════════
Operation: text_generation
  Count:     1
  Total:     2.5164 sec
  Average:   2.5164 sec
  Min/Max:   2.5164/2.5164 sec
Operation: model_loading
  Count:     1
  Total:     0.0214 sec
  Average:   0.0214 sec
  Min/Max:   0.0214/0.0214 sec
═════════════════════════════════════════════════════════════════════
Training complete. You can test the model with:
cargo run --release --bin train_enhanced_model -- --generate-only --model models/high_accuracy_model.walle --prompt "Your prompt here" --max-tokens 100
