Detected JSON format data file
Using quality-focused sampling: 2 high-quality stories
╔═════════════════════════════════════════════════════╗
║              STEP 1: DATA PREPARATION               ║
╚═════════════════════════════════════════════════════╝
Preprocessing disabled. Using original data.
╔═════════════════════════════════════════════════════╗
║          OPTIMIZED TRAINING CONFIGURATION           ║
╚═════════════════════════════════════════════════════╝
Model size: small
Model architecture: 128 dim, 4 heads, 3 layers
Feed-forward dimension: 512
Vocabulary size: 5000
Min token frequency: 2
Learning rate: 0.0001
Epochs: 10
Data sampling: quality (2 stories)
Data preprocessing: false
Training data: data/tiny_stories_sample.json
Save path: models/high_accuracy_model.walle
Memory optimization: enabled
Batch size: 32 (manual)
CPU Cores: 20 (all available)
╔═════════════════════════════════════════════════════╗
║           BUILDING OPTIMIZED COMMAND                ║
╚═════════════════════════════════════════════════════╝
╔═════════════════════════════════════════════════════╗
║           STARTING OPTIMIZED TRAINING               ║
╚═════════════════════════════════════════════════════╝
Executing: cargo run --release --bin train_enhanced_model -- data/tiny_stories_sample.json --model-dim 128 --ff-dim 512 --heads 4 --layers 3 --epochs 10 --vocab-size 5000 --min-freq 2 --save-path models/high_accuracy_model.walle --learning-rate 0.0001 --enable-skip --strong-anti-rep --json-format --stories 2 --perf-log true --use-memory-opt --batch-size 32
Using RAYON_NUM_THREADS=20
Configuring thread pool with 20 CPU cores
Training Configuration:
  Training data: data/tiny_stories_sample.json
  Data format: TinyStories JSON
  Max stories: 2
  Model dimension: 128
  FF dimension: 512
  Attention heads: 4
  Layers: 3
  Dropout rate: 0.1
  Learning rate: 0.0001
  Epochs: 10
  Curriculum learning: enabled
  Vocabulary size: 5000
  Min token frequency: 2
  Skip connections: enabled
  Strong anti-repetition: enabled
  Save path: models/high_accuracy_model.walle
  CPU threads: 20
  Performance logging: enabled
Reading training data...
Found 58300 stories in JSON file
Will use 2 stories for training
Processed 2 stories, total text length: 1559 characters
Creating trainer...
Initializing output_projection: model_dim=128, vocab_size=101
Configuring strong anti-repetition mechanisms...
Enabling skip connections...
Enabling residual skip connections for improved gradient flow
Initializing output_projection: model_dim=128, vocab_size=101
Skip connections of type 'residual' enabled
Learning tokenizer vocabulary...
Initializing output_projection: model_dim=128, vocab_size=249
Setting up curriculum learning...
Starting training for 10 epochs...
Epoch 1/10
Created 105 input/target pairs for training

======== BATCH SIZE CALCULATION ========
Cache parameters: L1=48 KB, L2=1280 KB, L3=24 MB, Line size=64 bytes
Cache parameters: L1=48 KB, L2=1280 KB, L3=24576 KB, Line size=64 bytes
Calculating optimal batch size for model_dim=128, seq_len=16, element_size=4 bytes
Memory per sequence: 8192 bytes (0.01 MB)
Available L3 cache (80%): 20132659 bytes (19.20 MB)
Maximum batch size that fits in L3 cache: 2457
Final optimal batch size (after constraints): 1024
Calculated memory-optimal batch size: 1024
Using manually specified batch size: 32
======================================

Initializing curriculum learning with examples...
Before redistribution: 1 examples at level VeryEasy
Before redistribution: 0 examples at level Easy
Before redistribution: 0 examples at level Medium
Before redistribution: 0 examples at level Hard
Before redistribution: 0 examples at level VeryHard
Before redistribution: 1 examples at level VeryEasy
Before redistribution: 1 examples at level Easy
Before redistribution: 0 examples at level Medium
Before redistribution: 0 examples at level Hard
Before redistribution: 0 examples at level VeryHard
Before redistribution: 1 examples at level VeryEasy
Before redistribution: 1 examples at level Easy
Before redistribution: 1 examples at level Medium
Before redistribution: 0 examples at level Hard
Before redistribution: 0 examples at level VeryHard
Before redistribution: 1 examples at level VeryEasy
Before redistribution: 1 examples at level Easy
Before redistribution: 1 examples at level Medium
Before redistribution: 1 examples at level Hard
Before redistribution: 0 examples at level VeryHard
Before redistribution: 1 examples at level VeryEasy
Before redistribution: 1 examples at level Easy
Before redistribution: 1 examples at level Medium
Before redistribution: 1 examples at level Hard
Before redistribution: 1 examples at level VeryHard
Performing example redistribution across difficulty levels...
Redistributed 5 examples to level VeryEasy
Copied 5 examples to level Easy from previous level
Copied 5 examples to level Medium from previous level
Copied 5 examples to level Hard from previous level
Copied 5 examples to level VeryHard from previous level
After redistribution: 5 examples at level VeryEasy
After redistribution: 5 examples at level Easy
After redistribution: 5 examples at level Medium
After redistribution: 5 examples at level Hard
After redistribution: 5 examples at level VeryHard
Before redistribution: 6 examples at level VeryEasy
Before redistribution: 5 examples at level Easy
Before redistribution: 5 examples at level Medium
Before redistribution: 5 examples at level Hard
Before redistribution: 5 examples at level VeryHard
Before redistribution: 6 examples at level VeryEasy
Before redistribution: 6 examples at level Easy
Before redistribution: 5 examples at level Medium
Before redistribution: 5 examples at level Hard
Before redistribution: 5 examples at level VeryHard
Before redistribution: 6 examples at level VeryEasy
Before redistribution: 6 examples at level Easy
Before redistribution: 6 examples at level Medium
Before redistribution: 5 examples at level Hard
Before redistribution: 5 examples at level VeryHard
Before redistribution: 6 examples at level VeryEasy
Before redistribution: 6 examples at level Easy
Before redistribution: 6 examples at level Medium
Before redistribution: 6 examples at level Hard
Before redistribution: 5 examples at level VeryHard
Before redistribution: 6 examples at level VeryEasy
Before redistribution: 6 examples at level Easy
Before redistribution: 6 examples at level Medium
Before redistribution: 6 examples at level Hard
Before redistribution: 6 examples at level VeryHard
Performing example redistribution across difficulty levels...
Redistributed 10 examples to level VeryEasy
Redistributed 10 examples to level Easy
Redistributed 10 examples to level Medium
Copied 10 examples to level Hard from previous level
Copied 10 examples to level VeryHard from previous level
After redistribution: 10 examples at level VeryEasy
After redistribution: 10 examples at level Easy
After redistribution: 10 examples at level Medium
After redistribution: 10 examples at level Hard
After redistribution: 10 examples at level VeryHard
Before redistribution: 11 examples at level VeryEasy
Before redistribution: 10 examples at level Easy
Before redistribution: 10 examples at level Medium
Before redistribution: 10 examples at level Hard
Before redistribution: 10 examples at level VeryHard
Before redistribution: 11 examples at level VeryEasy
Before redistribution: 11 examples at level Easy
Before redistribution: 10 examples at level Medium
Before redistribution: 10 examples at level Hard
Before redistribution: 10 examples at level VeryHard
Before redistribution: 11 examples at level VeryEasy
Before redistribution: 11 examples at level Easy
Before redistribution: 11 examples at level Medium
Before redistribution: 10 examples at level Hard
Before redistribution: 10 examples at level VeryHard
Before redistribution: 11 examples at level VeryEasy
Before redistribution: 11 examples at level Easy
Before redistribution: 11 examples at level Medium
Before redistribution: 11 examples at level Hard
Before redistribution: 10 examples at level VeryHard
Before redistribution: 11 examples at level VeryEasy
Before redistribution: 11 examples at level Easy
Before redistribution: 11 examples at level Medium
Before redistribution: 11 examples at level Hard
Before redistribution: 11 examples at level VeryHard
Performing example redistribution across difficulty levels...
Redistributed 11 examples to level VeryEasy
Redistributed 11 examples to level Easy
Redistributed 11 examples to level Medium
Redistributed 11 examples to level Hard
Redistributed 11 examples to level VeryHard
After redistribution: 11 examples at level VeryEasy
After redistribution: 11 examples at level Easy
After redistribution: 11 examples at level Medium
After redistribution: 11 examples at level Hard
After redistribution: 11 examples at level VeryHard
Before redistribution: 12 examples at level VeryEasy
Before redistribution: 11 examples at level Easy
Before redistribution: 11 examples at level Medium
Before redistribution: 11 examples at level Hard
Before redistribution: 11 examples at level VeryHard
Before redistribution: 12 examples at level VeryEasy
Before redistribution: 12 examples at level Easy
Before redistribution: 11 examples at level Medium
Before redistribution: 11 examples at level Hard
Before redistribution: 11 examples at level VeryHard
Before redistribution: 12 examples at level VeryEasy
Before redistribution: 12 examples at level Easy
Before redistribution: 12 examples at level Medium
Before redistribution: 11 examples at level Hard
Before redistribution: 11 examples at level VeryHard
Before redistribution: 12 examples at level VeryEasy
Before redistribution: 12 examples at level Easy
Before redistribution: 12 examples at level Medium
Before redistribution: 12 examples at level Hard
Before redistribution: 11 examples at level VeryHard
Before redistribution: 12 examples at level VeryEasy
Before redistribution: 12 examples at level Easy
Before redistribution: 12 examples at level Medium
Before redistribution: 12 examples at level Hard
Before redistribution: 12 examples at level VeryHard
Performing example redistribution across difficulty levels...
Redistributed 12 examples to level VeryEasy
Redistributed 12 examples to level Easy
Redistributed 12 examples to level Medium
Redistributed 12 examples to level Hard
Redistributed 12 examples to level VeryHard
After redistribution: 12 examples at level VeryEasy
After redistribution: 12 examples at level Easy
After redistribution: 12 examples at level Medium
After redistribution: 12 examples at level Hard
After redistribution: 12 examples at level VeryHard
Before redistribution: 13 examples at level VeryEasy
Before redistribution: 12 examples at level Easy
Before redistribution: 12 examples at level Medium
Before redistribution: 12 examples at level Hard
Before redistribution: 12 examples at level VeryHard
Before redistribution: 13 examples at level VeryEasy
Before redistribution: 13 examples at level Easy
Before redistribution: 12 examples at level Medium
Before redistribution: 12 examples at level Hard
Before redistribution: 12 examples at level VeryHard
Before redistribution: 13 examples at level VeryEasy
Before redistribution: 13 examples at level Easy
Before redistribution: 13 examples at level Medium
Before redistribution: 12 examples at level Hard
Before redistribution: 12 examples at level VeryHard
Before redistribution: 13 examples at level VeryEasy
Before redistribution: 13 examples at level Easy
Before redistribution: 13 examples at level Medium
Before redistribution: 13 examples at level Hard
Before redistribution: 12 examples at level VeryHard
Before redistribution: 13 examples at level VeryEasy
Before redistribution: 13 examples at level Easy
Before redistribution: 13 examples at level Medium
Before redistribution: 13 examples at level Hard
Before redistribution: 13 examples at level VeryHard
Performing example redistribution across difficulty levels...
Redistributed 13 examples to level VeryEasy
Redistributed 13 examples to level Easy
Redistributed 13 examples to level Medium
Redistributed 13 examples to level Hard
Redistributed 13 examples to level VeryHard
After redistribution: 13 examples at level VeryEasy
After redistribution: 13 examples at level Easy
After redistribution: 13 examples at level Medium
After redistribution: 13 examples at level Hard
After redistribution: 13 examples at level VeryHard
Before redistribution: 14 examples at level VeryEasy
Before redistribution: 13 examples at level Easy
Before redistribution: 13 examples at level Medium
Before redistribution: 13 examples at level Hard
Before redistribution: 13 examples at level VeryHard
Before redistribution: 14 examples at level VeryEasy
Before redistribution: 14 examples at level Easy
Before redistribution: 13 examples at level Medium
Before redistribution: 13 examples at level Hard
Before redistribution: 13 examples at level VeryHard
Before redistribution: 14 examples at level VeryEasy
Before redistribution: 14 examples at level Easy
Before redistribution: 14 examples at level Medium
Before redistribution: 13 examples at level Hard
Before redistribution: 13 examples at level VeryHard
Before redistribution: 14 examples at level VeryEasy
Before redistribution: 14 examples at level Easy
Before redistribution: 14 examples at level Medium
Before redistribution: 14 examples at level Hard
Before redistribution: 13 examples at level VeryHard
Before redistribution: 14 examples at level VeryEasy
Before redistribution: 14 examples at level Easy
Before redistribution: 14 examples at level Medium
Before redistribution: 14 examples at level Hard
Before redistribution: 14 examples at level VeryHard
Performing example redistribution across difficulty levels...
Redistributed 14 examples to level VeryEasy
Redistributed 14 examples to level Easy
Redistributed 14 examples to level Medium
Redistributed 14 examples to level Hard
Redistributed 14 examples to level VeryHard
After redistribution: 14 examples at level VeryEasy
After redistribution: 14 examples at level Easy
After redistribution: 14 examples at level Medium
After redistribution: 14 examples at level Hard
After redistribution: 14 examples at level VeryHard
Before redistribution: 15 examples at level VeryEasy
Before redistribution: 14 examples at level Easy
Before redistribution: 14 examples at level Medium
Before redistribution: 14 examples at level Hard
Before redistribution: 14 examples at level VeryHard
Before redistribution: 15 examples at level VeryEasy
Before redistribution: 15 examples at level Easy
Before redistribution: 14 examples at level Medium
Before redistribution: 14 examples at level Hard
Before redistribution: 14 examples at level VeryHard
Before redistribution: 15 examples at level VeryEasy
Before redistribution: 15 examples at level Easy
Before redistribution: 15 examples at level Medium
Before redistribution: 14 examples at level Hard
Before redistribution: 14 examples at level VeryHard
Before redistribution: 15 examples at level VeryEasy
Before redistribution: 15 examples at level Easy
Before redistribution: 15 examples at level Medium
Before redistribution: 15 examples at level Hard
Before redistribution: 14 examples at level VeryHard
Before redistribution: 15 examples at level VeryEasy
Before redistribution: 15 examples at level Easy
Before redistribution: 15 examples at level Medium
Before redistribution: 15 examples at level Hard
Before redistribution: 15 examples at level VeryHard
Performing example redistribution across difficulty levels...
Redistributed 15 examples to level VeryEasy
Redistributed 15 examples to level Easy
Redistributed 15 examples to level Medium
Redistributed 15 examples to level Hard
Redistributed 15 examples to level VeryHard
After redistribution: 15 examples at level VeryEasy
After redistribution: 15 examples at level Easy
After redistribution: 15 examples at level Medium
After redistribution: 15 examples at level Hard
After redistribution: 15 examples at level VeryHard
Before redistribution: 16 examples at level VeryEasy
Before redistribution: 15 examples at level Easy
Before redistribution: 15 examples at level Medium
Before redistribution: 15 examples at level Hard
Before redistribution: 15 examples at level VeryHard
Before redistribution: 16 examples at level VeryEasy
Before redistribution: 16 examples at level Easy
Before redistribution: 15 examples at level Medium
Before redistribution: 15 examples at level Hard
Before redistribution: 15 examples at level VeryHard
Before redistribution: 16 examples at level VeryEasy
Before redistribution: 16 examples at level Easy
Before redistribution: 16 examples at level Medium
Before redistribution: 15 examples at level Hard
Before redistribution: 15 examples at level VeryHard
Before redistribution: 16 examples at level VeryEasy
Before redistribution: 16 examples at level Easy
Before redistribution: 16 examples at level Medium
Before redistribution: 16 examples at level Hard
Before redistribution: 15 examples at level VeryHard
Before redistribution: 16 examples at level VeryEasy
Before redistribution: 16 examples at level Easy
Before redistribution: 16 examples at level Medium
Before redistribution: 16 examples at level Hard
Before redistribution: 16 examples at level VeryHard
Performing example redistribution across difficulty levels...
Redistributed 16 examples to level VeryEasy
Redistributed 16 examples to level Easy
Redistributed 16 examples to level Medium
Redistributed 16 examples to level Hard
Redistributed 16 examples to level VeryHard
After redistribution: 16 examples at level VeryEasy
After redistribution: 16 examples at level Easy
After redistribution: 16 examples at level Medium
After redistribution: 16 examples at level Hard
After redistribution: 16 examples at level VeryHard
Before redistribution: 17 examples at level VeryEasy
Before redistribution: 16 examples at level Easy
Before redistribution: 16 examples at level Medium
Before redistribution: 16 examples at level Hard
Before redistribution: 16 examples at level VeryHard
Before redistribution: 17 examples at level VeryEasy
Before redistribution: 17 examples at level Easy
Before redistribution: 16 examples at level Medium
Before redistribution: 16 examples at level Hard
Before redistribution: 16 examples at level VeryHard
Before redistribution: 17 examples at level VeryEasy
Before redistribution: 17 examples at level Easy
Before redistribution: 17 examples at level Medium
Before redistribution: 16 examples at level Hard
Before redistribution: 16 examples at level VeryHard
Before redistribution: 17 examples at level VeryEasy
Before redistribution: 17 examples at level Easy
Before redistribution: 17 examples at level Medium
Before redistribution: 17 examples at level Hard
Before redistribution: 16 examples at level VeryHard
Before redistribution: 17 examples at level VeryEasy
Before redistribution: 17 examples at level Easy
Before redistribution: 17 examples at level Medium
Before redistribution: 17 examples at level Hard
Before redistribution: 17 examples at level VeryHard
Performing example redistribution across difficulty levels...
Redistributed 17 examples to level VeryEasy
Redistributed 17 examples to level Easy
Redistributed 17 examples to level Medium
Redistributed 17 examples to level Hard
Redistributed 17 examples to level VeryHard
After redistribution: 17 examples at level VeryEasy
After redistribution: 17 examples at level Easy
After redistribution: 17 examples at level Medium
After redistribution: 17 examples at level Hard
After redistribution: 17 examples at level VeryHard
Before redistribution: 18 examples at level VeryEasy
Before redistribution: 17 examples at level Easy
Before redistribution: 17 examples at level Medium
Before redistribution: 17 examples at level Hard
Before redistribution: 17 examples at level VeryHard
Before redistribution: 18 examples at level VeryEasy
Before redistribution: 18 examples at level Easy
Before redistribution: 17 examples at level Medium
Before redistribution: 17 examples at level Hard
Before redistribution: 17 examples at level VeryHard
Before redistribution: 18 examples at level VeryEasy
Before redistribution: 18 examples at level Easy
Before redistribution: 18 examples at level Medium
Before redistribution: 17 examples at level Hard
Before redistribution: 17 examples at level VeryHard
Before redistribution: 18 examples at level VeryEasy
Before redistribution: 18 examples at level Easy
Before redistribution: 18 examples at level Medium
Before redistribution: 18 examples at level Hard
Before redistribution: 17 examples at level VeryHard
Before redistribution: 18 examples at level VeryEasy
Before redistribution: 18 examples at level Easy
Before redistribution: 18 examples at level Medium
Before redistribution: 18 examples at level Hard
Before redistribution: 18 examples at level VeryHard
Performing example redistribution across difficulty levels...
Redistributed 18 examples to level VeryEasy
Redistributed 18 examples to level Easy
Redistributed 18 examples to level Medium
Redistributed 18 examples to level Hard
Redistributed 18 examples to level VeryHard
After redistribution: 18 examples at level VeryEasy
After redistribution: 18 examples at level Easy
After redistribution: 18 examples at level Medium
After redistribution: 18 examples at level Hard
After redistribution: 18 examples at level VeryHard
Before redistribution: 19 examples at level VeryEasy
Before redistribution: 18 examples at level Easy
Before redistribution: 18 examples at level Medium
Before redistribution: 18 examples at level Hard
Before redistribution: 18 examples at level VeryHard
Before redistribution: 19 examples at level VeryEasy
Before redistribution: 19 examples at level Easy
Before redistribution: 18 examples at level Medium
Before redistribution: 18 examples at level Hard
Before redistribution: 18 examples at level VeryHard
Before redistribution: 19 examples at level VeryEasy
Before redistribution: 19 examples at level Easy
Before redistribution: 19 examples at level Medium
Before redistribution: 18 examples at level Hard
Before redistribution: 18 examples at level VeryHard
Before redistribution: 19 examples at level VeryEasy
Before redistribution: 19 examples at level Easy
Before redistribution: 19 examples at level Medium
Before redistribution: 19 examples at level Hard
Before redistribution: 18 examples at level VeryHard
Before redistribution: 19 examples at level VeryEasy
Before redistribution: 19 examples at level Easy
Before redistribution: 19 examples at level Medium
Before redistribution: 19 examples at level Hard
Before redistribution: 19 examples at level VeryHard
Performing example redistribution across difficulty levels...
Redistributed 19 examples to level VeryEasy
Redistributed 19 examples to level Easy
Redistributed 19 examples to level Medium
Redistributed 19 examples to level Hard
Redistributed 19 examples to level VeryHard
After redistribution: 19 examples at level VeryEasy
After redistribution: 19 examples at level Easy
After redistribution: 19 examples at level Medium
After redistribution: 19 examples at level Hard
After redistribution: 19 examples at level VeryHard
Before redistribution: 20 examples at level VeryEasy
Before redistribution: 19 examples at level Easy
Before redistribution: 19 examples at level Medium
Before redistribution: 19 examples at level Hard
Before redistribution: 19 examples at level VeryHard
Before redistribution: 20 examples at level VeryEasy
Before redistribution: 20 examples at level Easy
Before redistribution: 19 examples at level Medium
Before redistribution: 19 examples at level Hard
Before redistribution: 19 examples at level VeryHard
Before redistribution: 20 examples at level VeryEasy
Before redistribution: 20 examples at level Easy
Before redistribution: 20 examples at level Medium
Before redistribution: 19 examples at level Hard
Before redistribution: 19 examples at level VeryHard
Before redistribution: 20 examples at level VeryEasy
Before redistribution: 20 examples at level Easy
Before redistribution: 20 examples at level Medium
Before redistribution: 20 examples at level Hard
Before redistribution: 19 examples at level VeryHard
Before redistribution: 20 examples at level VeryEasy
Before redistribution: 20 examples at level Easy
Before redistribution: 20 examples at level Medium
Before redistribution: 20 examples at level Hard
Before redistribution: 20 examples at level VeryHard
Performing example redistribution across difficulty levels...
Redistributed 20 examples to level VeryEasy
Redistributed 20 examples to level Easy
Redistributed 20 examples to level Medium
Redistributed 20 examples to level Hard
Redistributed 20 examples to level VeryHard
After redistribution: 20 examples at level VeryEasy
After redistribution: 20 examples at level Easy
After redistribution: 20 examples at level Medium
After redistribution: 20 examples at level Hard
After redistribution: 20 examples at level VeryHard
Before redistribution: 21 examples at level VeryEasy
Before redistribution: 20 examples at level Easy
Before redistribution: 20 examples at level Medium
Before redistribution: 20 examples at level Hard
Before redistribution: 20 examples at level VeryHard
Before redistribution: 21 examples at level VeryEasy
Before redistribution: 21 examples at level Easy
Before redistribution: 20 examples at level Medium
Before redistribution: 20 examples at level Hard
Before redistribution: 20 examples at level VeryHard
Before redistribution: 21 examples at level VeryEasy
Before redistribution: 21 examples at level Easy
Before redistribution: 21 examples at level Medium
Before redistribution: 20 examples at level Hard
Before redistribution: 20 examples at level VeryHard
Before redistribution: 21 examples at level VeryEasy
Before redistribution: 21 examples at level Easy
Before redistribution: 21 examples at level Medium
Before redistribution: 21 examples at level Hard
Before redistribution: 20 examples at level VeryHard
Before redistribution: 21 examples at level VeryEasy
Before redistribution: 21 examples at level Easy
Before redistribution: 21 examples at level Medium
Before redistribution: 21 examples at level Hard
Before redistribution: 21 examples at level VeryHard
Performing example redistribution across difficulty levels...
Redistributed 21 examples to level VeryEasy
Redistributed 21 examples to level Easy
Redistributed 21 examples to level Medium
Redistributed 21 examples to level Hard
Redistributed 21 examples to level VeryHard
After redistribution: 21 examples at level VeryEasy
After redistribution: 21 examples at level Easy
After redistribution: 21 examples at level Medium
After redistribution: 21 examples at level Hard
After redistribution: 21 examples at level VeryHard
Before redistribution: 22 examples at level VeryEasy
Before redistribution: 21 examples at level Easy
Before redistribution: 21 examples at level Medium
Before redistribution: 21 examples at level Hard
Before redistribution: 21 examples at level VeryHard
Before redistribution: 22 examples at level VeryEasy
Before redistribution: 22 examples at level Easy
Before redistribution: 21 examples at level Medium
Before redistribution: 21 examples at level Hard
Before redistribution: 21 examples at level VeryHard
Before redistribution: 22 examples at level VeryEasy
Before redistribution: 22 examples at level Easy
Before redistribution: 22 examples at level Medium
Before redistribution: 21 examples at level Hard
Before redistribution: 21 examples at level VeryHard
Before redistribution: 22 examples at level VeryEasy
Before redistribution: 22 examples at level Easy
Before redistribution: 22 examples at level Medium
Before redistribution: 22 examples at level Hard
Before redistribution: 21 examples at level VeryHard
Before redistribution: 22 examples at level VeryEasy
Before redistribution: 22 examples at level Easy
Before redistribution: 22 examples at level Medium
Before redistribution: 22 examples at level Hard
Before redistribution: 22 examples at level VeryHard
Performing example redistribution across difficulty levels...
Redistributed 22 examples to level VeryEasy
Redistributed 22 examples to level Easy
Redistributed 22 examples to level Medium
Redistributed 22 examples to level Hard
Redistributed 22 examples to level VeryHard
After redistribution: 22 examples at level VeryEasy
After redistribution: 22 examples at level Easy
After redistribution: 22 examples at level Medium
After redistribution: 22 examples at level Hard
After redistribution: 22 examples at level VeryHard
Before redistribution: 23 examples at level VeryEasy
Before redistribution: 22 examples at level Easy
Before redistribution: 22 examples at level Medium
Before redistribution: 22 examples at level Hard
Before redistribution: 22 examples at level VeryHard
Before redistribution: 23 examples at level VeryEasy
Before redistribution: 23 examples at level Easy
Before redistribution: 22 examples at level Medium
Before redistribution: 22 examples at level Hard
Before redistribution: 22 examples at level VeryHard
Before redistribution: 23 examples at level VeryEasy
Before redistribution: 23 examples at level Easy
Before redistribution: 23 examples at level Medium
Before redistribution: 22 examples at level Hard
Before redistribution: 22 examples at level VeryHard
Before redistribution: 23 examples at level VeryEasy
Before redistribution: 23 examples at level Easy
Before redistribution: 23 examples at level Medium
Before redistribution: 23 examples at level Hard
Before redistribution: 22 examples at level VeryHard
Before redistribution: 23 examples at level VeryEasy
Before redistribution: 23 examples at level Easy
Before redistribution: 23 examples at level Medium
Before redistribution: 23 examples at level Hard
Before redistribution: 23 examples at level VeryHard
Performing example redistribution across difficulty levels...
Redistributed 23 examples to level VeryEasy
Redistributed 23 examples to level Easy
Redistributed 23 examples to level Medium
Redistributed 23 examples to level Hard
Redistributed 23 examples to level VeryHard
After redistribution: 23 examples at level VeryEasy
After redistribution: 23 examples at level Easy
After redistribution: 23 examples at level Medium
After redistribution: 23 examples at level Hard
After redistribution: 23 examples at level VeryHard
Before redistribution: 24 examples at level VeryEasy
Before redistribution: 23 examples at level Easy
Before redistribution: 23 examples at level Medium
Before redistribution: 23 examples at level Hard
Before redistribution: 23 examples at level VeryHard
Before redistribution: 24 examples at level VeryEasy
Before redistribution: 24 examples at level Easy
Before redistribution: 23 examples at level Medium
Before redistribution: 23 examples at level Hard
Before redistribution: 23 examples at level VeryHard
Before redistribution: 24 examples at level VeryEasy
Before redistribution: 24 examples at level Easy
Before redistribution: 24 examples at level Medium
Before redistribution: 23 examples at level Hard
Before redistribution: 23 examples at level VeryHard
Before redistribution: 24 examples at level VeryEasy
Before redistribution: 24 examples at level Easy
Before redistribution: 24 examples at level Medium
Before redistribution: 24 examples at level Hard
Before redistribution: 23 examples at level VeryHard
Before redistribution: 24 examples at level VeryEasy
Before redistribution: 24 examples at level Easy
Before redistribution: 24 examples at level Medium
Before redistribution: 24 examples at level Hard
Before redistribution: 24 examples at level VeryHard
Performing example redistribution across difficulty levels...
Redistributed 24 examples to level VeryEasy
Redistributed 24 examples to level Easy
Redistributed 24 examples to level Medium
Redistributed 24 examples to level Hard
Redistributed 24 examples to level VeryHard
After redistribution: 24 examples at level VeryEasy
After redistribution: 24 examples at level Easy
After redistribution: 24 examples at level Medium
After redistribution: 24 examples at level Hard
After redistribution: 24 examples at level VeryHard
Before redistribution: 25 examples at level VeryEasy
Before redistribution: 24 examples at level Easy
Before redistribution: 24 examples at level Medium
Before redistribution: 24 examples at level Hard
Before redistribution: 24 examples at level VeryHard
Before redistribution: 25 examples at level VeryEasy
Before redistribution: 25 examples at level Easy
Before redistribution: 24 examples at level Medium
Before redistribution: 24 examples at level Hard
Before redistribution: 24 examples at level VeryHard
Before redistribution: 25 examples at level VeryEasy
Before redistribution: 25 examples at level Easy
Before redistribution: 25 examples at level Medium
Before redistribution: 24 examples at level Hard
Before redistribution: 24 examples at level VeryHard
Before redistribution: 25 examples at level VeryEasy
Before redistribution: 25 examples at level Easy
Before redistribution: 25 examples at level Medium
Before redistribution: 25 examples at level Hard
Before redistribution: 24 examples at level VeryHard
Before redistribution: 25 examples at level VeryEasy
Before redistribution: 25 examples at level Easy
Before redistribution: 25 examples at level Medium
Before redistribution: 25 examples at level Hard
Before redistribution: 25 examples at level VeryHard
Performing example redistribution across difficulty levels...
Redistributed 25 examples to level VeryEasy
Redistributed 25 examples to level Easy
Redistributed 25 examples to level Medium
Redistributed 25 examples to level Hard
Redistributed 25 examples to level VeryHard
After redistribution: 25 examples at level VeryEasy
After redistribution: 25 examples at level Easy
After redistribution: 25 examples at level Medium
After redistribution: 25 examples at level Hard
After redistribution: 25 examples at level VeryHard
Before redistribution: 26 examples at level VeryEasy
Before redistribution: 25 examples at level Easy
Before redistribution: 25 examples at level Medium
Before redistribution: 25 examples at level Hard
Before redistribution: 25 examples at level VeryHard
Before redistribution: 26 examples at level VeryEasy
Before redistribution: 26 examples at level Easy
Before redistribution: 25 examples at level Medium
Before redistribution: 25 examples at level Hard
Before redistribution: 25 examples at level VeryHard
Before redistribution: 26 examples at level VeryEasy
Before redistribution: 26 examples at level Easy
Before redistribution: 26 examples at level Medium
Before redistribution: 25 examples at level Hard
Before redistribution: 25 examples at level VeryHard
Before redistribution: 26 examples at level VeryEasy
Before redistribution: 26 examples at level Easy
Before redistribution: 26 examples at level Medium
Before redistribution: 26 examples at level Hard
Before redistribution: 25 examples at level VeryHard
Before redistribution: 26 examples at level VeryEasy
Before redistribution: 26 examples at level Easy
Before redistribution: 26 examples at level Medium
Before redistribution: 26 examples at level Hard
Before redistribution: 26 examples at level VeryHard
Performing example redistribution across difficulty levels...
Redistributed 26 examples to level VeryEasy
Redistributed 26 examples to level Easy
Redistributed 26 examples to level Medium
Redistributed 26 examples to level Hard
Redistributed 26 examples to level VeryHard
After redistribution: 26 examples at level VeryEasy
After redistribution: 26 examples at level Easy
After redistribution: 26 examples at level Medium
After redistribution: 26 examples at level Hard
After redistribution: 26 examples at level VeryHard
Before redistribution: 27 examples at level VeryEasy
Before redistribution: 26 examples at level Easy
Before redistribution: 26 examples at level Medium
Before redistribution: 26 examples at level Hard
Before redistribution: 26 examples at level VeryHard
Before redistribution: 27 examples at level VeryEasy
Before redistribution: 27 examples at level Easy
Before redistribution: 26 examples at level Medium
Before redistribution: 26 examples at level Hard
Before redistribution: 26 examples at level VeryHard
Before redistribution: 27 examples at level VeryEasy
Before redistribution: 27 examples at level Easy
Before redistribution: 27 examples at level Medium
Before redistribution: 26 examples at level Hard
Before redistribution: 26 examples at level VeryHard
Before redistribution: 27 examples at level VeryEasy
Before redistribution: 27 examples at level Easy
Before redistribution: 27 examples at level Medium
Before redistribution: 27 examples at level Hard
Before redistribution: 26 examples at level VeryHard
Before redistribution: 27 examples at level VeryEasy
Before redistribution: 27 examples at level Easy
Before redistribution: 27 examples at level Medium
Before redistribution: 27 examples at level Hard
Before redistribution: 27 examples at level VeryHard
Performing example redistribution across difficulty levels...
Redistributed 27 examples to level VeryEasy
Redistributed 27 examples to level Easy
Redistributed 27 examples to level Medium
Redistributed 27 examples to level Hard
Redistributed 27 examples to level VeryHard
After redistribution: 27 examples at level VeryEasy
After redistribution: 27 examples at level Easy
After redistribution: 27 examples at level Medium
After redistribution: 27 examples at level Hard
After redistribution: 27 examples at level VeryHard
Before redistribution: 28 examples at level VeryEasy
Before redistribution: 27 examples at level Easy
Before redistribution: 27 examples at level Medium
Before redistribution: 27 examples at level Hard
Before redistribution: 27 examples at level VeryHard
Before redistribution: 28 examples at level VeryEasy
Before redistribution: 28 examples at level Easy
Before redistribution: 27 examples at level Medium
Before redistribution: 27 examples at level Hard
Before redistribution: 27 examples at level VeryHard
Before redistribution: 28 examples at level VeryEasy
Before redistribution: 28 examples at level Easy
Before redistribution: 28 examples at level Medium
Before redistribution: 27 examples at level Hard
Before redistribution: 27 examples at level VeryHard
Before redistribution: 28 examples at level VeryEasy
Before redistribution: 28 examples at level Easy
Before redistribution: 28 examples at level Medium
Before redistribution: 28 examples at level Hard
Before redistribution: 27 examples at level VeryHard
Before redistribution: 28 examples at level VeryEasy
Before redistribution: 28 examples at level Easy
Before redistribution: 28 examples at level Medium
Before redistribution: 28 examples at level Hard
Before redistribution: 28 examples at level VeryHard
Performing example redistribution across difficulty levels...
Redistributed 28 examples to level VeryEasy
Redistributed 28 examples to level Easy
Redistributed 28 examples to level Medium
Redistributed 28 examples to level Hard
Redistributed 28 examples to level VeryHard
After redistribution: 28 examples at level VeryEasy
After redistribution: 28 examples at level Easy
After redistribution: 28 examples at level Medium
After redistribution: 28 examples at level Hard
After redistribution: 28 examples at level VeryHard
Before redistribution: 29 examples at level VeryEasy
Before redistribution: 28 examples at level Easy
Before redistribution: 28 examples at level Medium
Before redistribution: 28 examples at level Hard
Before redistribution: 28 examples at level VeryHard
Before redistribution: 29 examples at level VeryEasy
Before redistribution: 29 examples at level Easy
Before redistribution: 28 examples at level Medium
Before redistribution: 28 examples at level Hard
Before redistribution: 28 examples at level VeryHard
Before redistribution: 29 examples at level VeryEasy
Before redistribution: 29 examples at level Easy
Before redistribution: 29 examples at level Medium
Before redistribution: 28 examples at level Hard
Before redistribution: 28 examples at level VeryHard
Before redistribution: 29 examples at level VeryEasy
Before redistribution: 29 examples at level Easy
Before redistribution: 29 examples at level Medium
Before redistribution: 29 examples at level Hard
Before redistribution: 28 examples at level VeryHard
Before redistribution: 29 examples at level VeryEasy
Before redistribution: 29 examples at level Easy
Before redistribution: 29 examples at level Medium
Before redistribution: 29 examples at level Hard
Before redistribution: 29 examples at level VeryHard
Performing example redistribution across difficulty levels...
Redistributed 29 examples to level VeryEasy
Redistributed 29 examples to level Easy
Redistributed 29 examples to level Medium
Redistributed 29 examples to level Hard
Redistributed 29 examples to level VeryHard
After redistribution: 29 examples at level VeryEasy
After redistribution: 29 examples at level Easy
After redistribution: 29 examples at level Medium
After redistribution: 29 examples at level Hard
After redistribution: 29 examples at level VeryHard
Forcing redistribution of curriculum examples...
Redistributed 29 examples to level VeryEasy
Redistributed 29 examples to level Easy
Redistributed 29 examples to level Medium
Redistributed 29 examples to level Hard
Redistributed 29 examples to level VeryHard
After redistribution: 29 examples at level VeryEasy
After redistribution: 29 examples at level Easy
After redistribution: 29 examples at level Medium
After redistribution: 29 examples at level Hard
After redistribution: 29 examples at level VeryHard
Curriculum initialization complete with 105 examples
  Batch 1/1 - Loss: 5.517425 - Level: VeryEasy
Not enough batches (1 < 50) to evaluate level advancement
Evaluating model...
Generating text with prompt: "The quick brown fox" (max_tokens=100)
Attempting to use model for text generation...
DEBUG: Result length = 267, prompt length = 19
DEBUG: Using model-generated text.
Generated preview: the quick brown foxhthmed poC-...
Generating text with prompt: "Once upon a time" (max_tokens=100)
Attempting to use model for text generation...
DEBUG: Result length = 281, prompt length = 16
DEBUG: Using model-generated text.
Generated preview: once upon a time posatrke sked...
Generating text with prompt: "In a world where" (max_tokens=100)
Attempting to use model for text generation...
DEBUG: Result length = 238, prompt length = 16
DEBUG: Using model-generated text.
Generated preview: in a world where s saZwaap YIl...
Generating text with prompt: "The most important thing" (max_tokens=100)
Attempting to use model for text generation...
DEBUG: Result length = 272, prompt length = 24
DEBUG: Using model-generated text.
Generated preview: the most important thing ere n...
Generating text with prompt: "I would like to" (max_tokens=100)
Attempting to use model for text generation...
DEBUG: Result length = 320, prompt length = 15
DEBUG: Using model-generated text.
Generated preview: i would like to saw harmllooke...
Epoch 1/10 completed in 5.452640731s
  Loss: 5.517425
  Perplexity: 242.45
  Accuracy: 18.27%
  Repetition score: 1.00
  Fluency score: 0.99
  Quality score: 0.47
Generating text with prompt: "The" (max_tokens=50)
Attempting to use model for text generation...
DEBUG: Result length = 122, prompt length = 3
DEBUG: Using model-generated text.
Generated preview: the g}mid margaret p!some was ...

Sample generation:
Prompt: "The"
Generated: "the g}mid margaret p!some was ous"saeSdhe that ap l?ough food 8?wupo+tim ew aress mlB4,corVhe_Lwhat mtim aretwhisper nwhat"

Saving checkpoint to models/high_accuracy_model.walle.epoch1
Saving model in JSON format
Saving model in binary format...
Model successfully saved to: models/high_accuracy_model.walle.epoch1
Checkpoint saved successfully
Epoch 2/10
Created 105 input/target pairs for training

======== BATCH SIZE CALCULATION ========
Cache parameters: L1=48 KB, L2=1280 KB, L3=24 MB, Line size=64 bytes
Cache parameters: L1=48 KB, L2=1280 KB, L3=24576 KB, Line size=64 bytes
Calculating optimal batch size for model_dim=128, seq_len=16, element_size=4 bytes
Memory per sequence: 8192 bytes (0.01 MB)
Available L3 cache (80%): 20132659 bytes (19.20 MB)
Maximum batch size that fits in L3 cache: 2457
Final optimal batch size (after constraints): 1024
Calculated memory-optimal batch size: 1024
Using manually specified batch size: 32
======================================

  Batch 1/1 - Loss: 5.486041 - Level: VeryEasy
Not enough batches (1 < 50) to evaluate level advancement
Evaluating model...
Generating text with prompt: "The quick brown fox" (max_tokens=100)
Attempting to use model for text generation...
DEBUG: Result length = 283, prompt length = 19
DEBUG: Using model-generated text.
Generated preview: the quick brown foxsaid on mar...
Generating text with prompt: "Once upon a time" (max_tokens=100)
Attempting to use model for text generation...
DEBUG: Result length = 263, prompt length = 16
DEBUG: Using model-generated text.
Generated preview: once upon a time|was said naeG...
Generating text with prompt: "In a world where" (max_tokens=100)
Attempting to use model for text generation...
DEBUG: Result length = 252, prompt length = 16
DEBUG: Using model-generated text.
Generated preview: in a world where sper=enercerv...
Generating text with prompt: "The most important thing" (max_tokens=100)
Attempting to use model for text generation...
DEBUG: Result length = 309, prompt length = 24
DEBUG: Using model-generated text.
Generated preview: the most important thing corne...
Generating text with prompt: "I would like to" (max_tokens=100)
Attempting to use model for text generation...
DEBUG: Result length = 311, prompt length = 15
DEBUG: Using model-generated text.
Generated preview: i would like to hsomethi-harml...
Epoch 2/10 completed in 591.497929ms
  Loss: 5.486041
  Perplexity: 236.49
  Accuracy: 19.23%
  Repetition score: 1.00
  Fluency score: 0.96
  Quality score: 0.47
Generating text with prompt: "The" (max_tokens=50)
Attempting to use model for text generation...
DEBUG: Result length = 148, prompt length = 3
DEBUG: Using model-generated text.
Generated preview: the epark en"at that looked en...

Sample generation:
Prompt: "The"
Generated: "the epark en"at that looked enere CUde _an ough aret park Kut wha the she anPoXEOSarelike n toth ss some she in it msomething Ptrap id 28food"someth"

Epoch 3/10
Created 105 input/target pairs for training

======== BATCH SIZE CALCULATION ========
Cache parameters: L1=48 KB, L2=1280 KB, L3=24 MB, Line size=64 bytes
Cache parameters: L1=48 KB, L2=1280 KB, L3=24576 KB, Line size=64 bytes
Calculating optimal batch size for model_dim=128, seq_len=16, element_size=4 bytes
Memory per sequence: 8192 bytes (0.01 MB)
Available L3 cache (80%): 20132659 bytes (19.20 MB)
Maximum batch size that fits in L3 cache: 2457
Final optimal batch size (after constraints): 1024
Calculated memory-optimal batch size: 1024
Using manually specified batch size: 32
======================================

  Batch 1/1 - Loss: 5.456248 - Level: VeryEasy
Not enough batches (1 < 50) to evaluate level advancement
Evaluating model...
Generating text with prompt: "The quick brown fox" (max_tokens=100)
Attempting to use model for text generation...
DEBUG: Result length = 295, prompt length = 19
DEBUG: Using model-generated text.
Generated preview: the quick brown foxmlthe h box...
Generating text with prompt: "Once upon a time" (max_tokens=100)
Attempting to use model for text generation...
DEBUG: Result length = 276, prompt length = 16
DEBUG: Using model-generated text.
Generated preview: once upon a time ap whcwe arwa...
Generating text with prompt: "In a world where" (max_tokens=100)
Attempting to use model for text generation...
DEBUG: Result length = 273, prompt length = 16
DEBUG: Using model-generated text.
Generated preview: in a world where onc-moocorner...
Generating text with prompt: "The most important thing" (max_tokens=100)
Attempting to use model for text generation...
DEBUG: Result length = 315, prompt length = 24
DEBUG: Using model-generated text.
Generated preview: the most important thing som5s...
Generating text with prompt: "I would like to" (max_tokens=100)
Attempting to use model for text generation...
DEBUG: Result length = 260, prompt length = 15
DEBUG: Using model-generated text.
Generated preview: i would like toEOSh\Ydo timtog...
Epoch 3/10 completed in 623.855783ms
  Loss: 5.456248
  Perplexity: 231.04
  Accuracy: 19.23%
  Repetition score: 1.00
  Fluency score: 0.99
  Quality score: 0.48
Generating text with prompt: "The" (max_tokens=50)
Attempting to use model for text generation...
DEBUG: Result length = 146, prompt length = 3
DEBUG: Using model-generated text.
Generated preview: the Fqss at park#there,pwith a...

Sample generation:
Prompt: "The"
Generated: "the Fqss at park#there,pwith arwatupon@bharmless ooked hwe 4mouse saw saw can her harmletimwmlnamed QparkEOS 9ed what ew ougpoNimYargal bthe named"

Detected repetition patterns:
  - "saw"
Saving checkpoint to models/high_accuracy_model.walle.epoch3
Saving model in JSON format
Saving model in binary format...
Model successfully saved to: models/high_accuracy_model.walle.epoch3
Checkpoint saved successfully
Epoch 4/10
Created 105 input/target pairs for training

======== BATCH SIZE CALCULATION ========
Cache parameters: L1=48 KB, L2=1280 KB, L3=24 MB, Line size=64 bytes
Cache parameters: L1=48 KB, L2=1280 KB, L3=24576 KB, Line size=64 bytes
Calculating optimal batch size for model_dim=128, seq_len=16, element_size=4 bytes
Memory per sequence: 8192 bytes (0.01 MB)
Available L3 cache (80%): 20132659 bytes (19.20 MB)
Maximum batch size that fits in L3 cache: 2457
Final optimal batch size (after constraints): 1024
Calculated memory-optimal batch size: 1024
Using manually specified batch size: 32
======================================

  Batch 1/1 - Loss: 5.428282 - Level: VeryEasy
Not enough batches (1 < 50) to evaluate level advancement
Evaluating model...
Generating text with prompt: "The quick brown fox" (max_tokens=100)
Attempting to use model for text generation...
DEBUG: Result length = 284, prompt length = 19
DEBUG: Using model-generated text.
Generated preview: the quick brown fox/t foothere...
Generating text with prompt: "Once upon a time" (max_tokens=100)
Attempting to use model for text generation...
DEBUG: Result length = 264, prompt length = 16
DEBUG: Using model-generated text.
Generated preview: once upon a time was al upoHpa...
Generating text with prompt: "In a world where" (max_tokens=100)
Attempting to use model for text generation...
DEBUG: Result length = 295, prompt length = 16
DEBUG: Using model-generated text.
Generated preview: in a world where tim saharmleO...
Generating text with prompt: "The most important thing" (max_tokens=100)
Attempting to use model for text generation...
DEBUG: Result length = 276, prompt length = 24
DEBUG: Using model-generated text.
Generated preview: the most important thing?s pop...
Generating text with prompt: "I would like to" (max_tokens=100)
Attempting to use model for text generation...
DEBUG: Result length = 272, prompt length = 15
DEBUG: Using model-generated text.
Generated preview: i would like to ethha-0popcore...
Epoch 4/10 completed in 564.377467ms
  Loss: 5.428282
  Perplexity: 225.99
  Accuracy: 19.71%
  Repetition score: 1.00
  Fluency score: 1.00
  Quality score: 0.48
Generating text with prompt: "The" (max_tokens=50)
Attempting to use model for text generation...
DEBUG: Result length = 149, prompt length = 3
DEBUG: Using model-generated text.
Generated preview: the fooJtocorner waut h haharm...

Sample generation:
Prompt: "The"
Generated: "the fooJtocorner waut h haharmllittle nfsure C./aret but%in ew whisper was"Twas there KLnamed Mhad armlooked}box al togal somethiar#t}a there new ans"

Epoch 5/10
Created 105 input/target pairs for training

======== BATCH SIZE CALCULATION ========
Cache parameters: L1=48 KB, L2=1280 KB, L3=24 MB, Line size=64 bytes
Cache parameters: L1=48 KB, L2=1280 KB, L3=24576 KB, Line size=64 bytes
Calculating optimal batch size for model_dim=128, seq_len=16, element_size=4 bytes
Memory per sequence: 8192 bytes (0.01 MB)
Available L3 cache (80%): 20132659 bytes (19.20 MB)
Maximum batch size that fits in L3 cache: 2457
Final optimal batch size (after constraints): 1024
Calculated memory-optimal batch size: 1024
Using manually specified batch size: 32
======================================

  Batch 1/1 - Loss: 5.401569 - Level: VeryEasy
Not enough batches (1 < 50) to evaluate level advancement
Evaluating model...
Generating text with prompt: "The quick brown fox" (max_tokens=100)
Attempting to use model for text generation...
DEBUG: Result length = 241, prompt length = 19
DEBUG: Using model-generated text.
Generated preview: the quick brown foxpth,pl^vs8t...
Generating text with prompt: "Once upon a time" (max_tokens=100)
Attempting to use model for text generation...
DEBUG: Result length = 250, prompt length = 16
DEBUG: Using model-generated text.
Generated preview: once upon a time pMposo th foo...
Generating text with prompt: "In a world where" (max_tokens=100)
Attempting to use model for text generation...
DEBUG: Result length = 290, prompt length = 16
DEBUG: Using model-generated text.
Generated preview: in a world where Hbut z51h ous...
Generating text with prompt: "The most important thing" (max_tokens=100)
Attempting to use model for text generation...
DEBUG: Result length = 290, prompt length = 24
DEBUG: Using model-generated text.
Generated preview: the most important thing oxJ+I...
Generating text with prompt: "I would like to" (max_tokens=100)
Attempting to use model for text generation...
DEBUG: Result length = 278, prompt length = 15
DEBUG: Using model-generated text.
Generated preview: i would like to whi\al fooian ...
Epoch 5/10 completed in 585.252597ms
  Loss: 5.401569
  Perplexity: 221.31
  Accuracy: 20.19%
  Repetition score: 1.00
  Fluency score: 0.97
  Quality score: 0.48
Generating text with prompt: "The" (max_tokens=50)
Attempting to use model for text generation...
DEBUG: Result length = 129, prompt length = 3
DEBUG: Using model-generated text.
Generated preview: the er 2animtim park H.coraske...

Sample generation:
Prompt: "The"
Generated: "the er 2animtim park H.corasked@(m=:Xwhle sure ethmargaret cenough e'with ew Bim?she eth]literwith arhe qthere*dthmed Or9mouse K\"

Saving checkpoint to models/high_accuracy_model.walle.epoch5
Saving model in JSON format
Saving model in binary format...
Model successfully saved to: models/high_accuracy_model.walle.epoch5
Checkpoint saved successfully
Epoch 6/10
Created 105 input/target pairs for training

======== BATCH SIZE CALCULATION ========
Cache parameters: L1=48 KB, L2=1280 KB, L3=24 MB, Line size=64 bytes
Cache parameters: L1=48 KB, L2=1280 KB, L3=24576 KB, Line size=64 bytes
Calculating optimal batch size for model_dim=128, seq_len=16, element_size=4 bytes
Memory per sequence: 8192 bytes (0.01 MB)
Available L3 cache (80%): 20132659 bytes (19.20 MB)
Maximum batch size that fits in L3 cache: 2457
Final optimal batch size (after constraints): 1024
Calculated memory-optimal batch size: 1024
Using manually specified batch size: 32
======================================

  Batch 1/1 - Loss: 5.376941 - Level: VeryEasy
Not enough batches (1 < 50) to evaluate level advancement
Evaluating model...
Generating text with prompt: "The quick brown fox" (max_tokens=100)
Attempting to use model for text generation...
DEBUG: Result length = 286, prompt length = 19
DEBUG: Using model-generated text.
Generated preview: the quick brown foxnew l lEOSa...
Generating text with prompt: "Once upon a time" (max_tokens=100)
Attempting to use model for text generation...
DEBUG: Result length = 258, prompt length = 16
DEBUG: Using model-generated text.
Generated preview: once upon a time we named l Gw...
Generating text with prompt: "In a world where" (max_tokens=100)
Attempting to use model for text generation...
DEBUG: Result length = 269, prompt length = 16
DEBUG: Using model-generated text.
Generated preview: in a world where little said w...
Generating text with prompt: "The most important thing" (max_tokens=100)
Attempting to use model for text generation...
DEBUG: Result length = 280, prompt length = 24
DEBUG: Using model-generated text.
Generated preview: the most important thing naEOS...
Generating text with prompt: "I would like to" (max_tokens=100)
Attempting to use model for text generation...
DEBUG: Result length = 313, prompt length = 15
DEBUG: Using model-generated text.
Generated preview: i would like to argowe Hmargar...
Epoch 6/10 completed in 617.75543ms
  Loss: 5.376941
  Perplexity: 216.95
  Accuracy: 20.67%
  Repetition score: 0.90
  Fluency score: 0.87
  Quality score: 0.45
Generating text with prompt: "The" (max_tokens=50)
Attempting to use model for text generation...
DEBUG: Result length = 123, prompt length = 3
DEBUG: Using model-generated text.
Generated preview: the[ousfoool whisper time=toan...

Sample generation:
Prompt: "The"
Generated: "the[ousfoool whisper time=toand armlth sahurlike t,o poooked%leBOSwas$ooom.upo1zJ}Tsomethortrtrap ur.looked anaPADere Iomso"

Epoch 7/10
Created 105 input/target pairs for training

======== BATCH SIZE CALCULATION ========
Cache parameters: L1=48 KB, L2=1280 KB, L3=24 MB, Line size=64 bytes
Cache parameters: L1=48 KB, L2=1280 KB, L3=24576 KB, Line size=64 bytes
Calculating optimal batch size for model_dim=128, seq_len=16, element_size=4 bytes
Memory per sequence: 8192 bytes (0.01 MB)
Available L3 cache (80%): 20132659 bytes (19.20 MB)
Maximum batch size that fits in L3 cache: 2457
Final optimal batch size (after constraints): 1024
Calculated memory-optimal batch size: 1024
Using manually specified batch size: 32
======================================

  Batch 1/1 - Loss: 5.352390 - Level: VeryEasy
Not enough batches (1 < 50) to evaluate level advancement
Evaluating model...
Generating text with prompt: "The quick brown fox" (max_tokens=100)
Attempting to use model for text generation...
DEBUG: Result length = 287, prompt length = 19
DEBUG: Using model-generated text.
Generated preview: the quick brown foxMso+bFdo ar...
Generating text with prompt: "Once upon a time" (max_tokens=100)
Attempting to use model for text generation...
DEBUG: Result length = 301, prompt length = 16
DEBUG: Using model-generated text.
Generated preview: once upon a time dark mouse li...
Generating text with prompt: "In a world where" (max_tokens=100)
Attempting to use model for text generation...
DEBUG: Result length = 272, prompt length = 16
DEBUG: Using model-generated text.
Generated preview: in a world where thcan wipopco...
Generating text with prompt: "The most important thing" (max_tokens=100)
Attempting to use model for text generation...
DEBUG: Result length = 303, prompt length = 24
DEBUG: Using model-generated text.
Generated preview: the most important thing f?som...
Generating text with prompt: "I would like to" (max_tokens=100)
Attempting to use model for text generation...
DEBUG: Result length = 273, prompt length = 15
DEBUG: Using model-generated text.
Generated preview: i would like to 7ark jpopcorn ...
Epoch 7/10 completed in 609.513316ms
  Loss: 5.352390
  Perplexity: 212.87
  Accuracy: 20.19%
  Repetition score: 1.00
  Fluency score: 0.99
  Quality score: 0.49
Generating text with prompt: "The" (max_tokens=50)
Attempting to use model for text generation...
DEBUG: Result length = 137, prompt length = 3
DEBUG: Using model-generated text.
Generated preview: the wouurso h whiether somethu...

Sample generation:
Prompt: "The"
Generated: "the wouurso h whiether somethuher 7e ke pfoob2sbut but in:corq Woout fomd OVmargaret we qere tim Inew but th enough atBOSof/ough harmless"

Saving checkpoint to models/high_accuracy_model.walle.epoch7
Saving model in JSON format
Saving model in binary format...
Model successfully saved to: models/high_accuracy_model.walle.epoch7
Checkpoint saved successfully
Epoch 8/10
Created 105 input/target pairs for training

======== BATCH SIZE CALCULATION ========
Cache parameters: L1=48 KB, L2=1280 KB, L3=24 MB, Line size=64 bytes
Cache parameters: L1=48 KB, L2=1280 KB, L3=24576 KB, Line size=64 bytes
Calculating optimal batch size for model_dim=128, seq_len=16, element_size=4 bytes
Memory per sequence: 8192 bytes (0.01 MB)
Available L3 cache (80%): 20132659 bytes (19.20 MB)
Maximum batch size that fits in L3 cache: 2457
Final optimal batch size (after constraints): 1024
Calculated memory-optimal batch size: 1024
Using manually specified batch size: 32
======================================

  Batch 1/1 - Loss: 5.329899 - Level: VeryEasy
Not enough batches (1 < 50) to evaluate level advancement
Evaluating model...
Generating text with prompt: "The quick brown fox" (max_tokens=100)
Attempting to use model for text generation...
DEBUG: Result length = 307, prompt length = 19
DEBUG: Using model-generated text.
Generated preview: the quick brown foxn gforsomet...
Generating text with prompt: "Once upon a time" (max_tokens=100)
Attempting to use model for text generation...
DEBUG: Result length = 277, prompt length = 16
DEBUG: Using model-generated text.
Generated preview: once upon a time Ufood timocan...
Generating text with prompt: "In a world where" (max_tokens=100)
Attempting to use model for text generation...
DEBUG: Result length = 252, prompt length = 16
DEBUG: Using model-generated text.
Generated preview: in a world where{lpooxwoui=wha...
Generating text with prompt: "The most important thing" (max_tokens=100)
Attempting to use model for text generation...
DEBUG: Result length = 269, prompt length = 24
DEBUG: Using model-generated text.
Generated preview: the most important thing d wit...
Generating text with prompt: "I would like to" (max_tokens=100)
Attempting to use model for text generation...
DEBUG: Result length = 283, prompt length = 15
DEBUG: Using model-generated text.
Generated preview: i would like to HJether said,u...
Epoch 8/10 completed in 554.361639ms
  Loss: 5.329899
  Perplexity: 209.05
  Accuracy: 20.19%
  Repetition score: 1.00
  Fluency score: 0.98
  Quality score: 0.49
Generating text with prompt: "The" (max_tokens=50)
Attempting to use model for text generation...
DEBUG: Result length = 121, prompt length = 3
DEBUG: Using model-generated text.
Generated preview: the arml&there whuke?ato wouan...

Sample generation:
Prompt: "The"
Generated: "the arml&there whuke?ato wouan sperUNKliiGtim ether th mousonce f ap Ver boxere imk[etron witpgher h eth}uhJtransome Aand"

Epoch 9/10
Created 105 input/target pairs for training

======== BATCH SIZE CALCULATION ========
Cache parameters: L1=48 KB, L2=1280 KB, L3=24 MB, Line size=64 bytes
Cache parameters: L1=48 KB, L2=1280 KB, L3=24576 KB, Line size=64 bytes
Calculating optimal batch size for model_dim=128, seq_len=16, element_size=4 bytes
Memory per sequence: 8192 bytes (0.01 MB)
Available L3 cache (80%): 20132659 bytes (19.20 MB)
Maximum batch size that fits in L3 cache: 2457
Final optimal batch size (after constraints): 1024
Calculated memory-optimal batch size: 1024
Using manually specified batch size: 32
======================================

  Batch 1/1 - Loss: 5.307420 - Level: VeryEasy
Not enough batches (1 < 50) to evaluate level advancement
Evaluating model...
Generating text with prompt: "The quick brown fox" (max_tokens=100)
Attempting to use model for text generation...
DEBUG: Result length = 269, prompt length = 19
DEBUG: Using model-generated text.
Generated preview: the quick brown foxan vncV1}er...
Generating text with prompt: "Once upon a time" (max_tokens=100)
Attempting to use model for text generation...
DEBUG: Result length = 311, prompt length = 16
DEBUG: Using model-generated text.
Generated preview: once upon a time xYaenough le ...
Generating text with prompt: "In a world where" (max_tokens=100)
Attempting to use model for text generation...
DEBUG: Result length = 269, prompt length = 16
DEBUG: Using model-generated text.
Generated preview: in a world where yLwa\can ed!p...
Generating text with prompt: "The most important thing" (max_tokens=100)
Attempting to use model for text generation...
DEBUG: Result length = 258, prompt length = 24
DEBUG: Using model-generated text.
Generated preview: the most important thing o ngu...
Generating text with prompt: "I would like to" (max_tokens=100)
Attempting to use model for text generation...
DEBUG: Result length = 278, prompt length = 15
DEBUG: Using model-generated text.
Generated preview: i would like to box oucormed d...
Epoch 9/10 completed in 637.851594ms
  Loss: 5.307420
  Perplexity: 205.48
  Accuracy: 20.19%
  Repetition score: 1.00
  Fluency score: 0.97
  Quality score: 0.49
Generating text with prompt: "The" (max_tokens=50)
Attempting to use model for text generation...
DEBUG: Result length = 124, prompt length = 3
DEBUG: Using model-generated text.
Generated preview: the harmle7her do l haTliooked...

Sample generation:
Prompt: "The"
Generated: "the harmle7her do l haTliooked f O 1upon anOlitogyooked XWEefooner time anim%imfood ertrth arjwhat park ncY4enmed.oosper 0&D"

Saving checkpoint to models/high_accuracy_model.walle.epoch9
Saving model in JSON format
Saving model in binary format...
Model successfully saved to: models/high_accuracy_model.walle.epoch9
Checkpoint saved successfully
Epoch 10/10
Created 105 input/target pairs for training

======== BATCH SIZE CALCULATION ========
Cache parameters: L1=48 KB, L2=1280 KB, L3=24 MB, Line size=64 bytes
Cache parameters: L1=48 KB, L2=1280 KB, L3=24576 KB, Line size=64 bytes
Calculating optimal batch size for model_dim=128, seq_len=16, element_size=4 bytes
Memory per sequence: 8192 bytes (0.01 MB)
Available L3 cache (80%): 20132659 bytes (19.20 MB)
Maximum batch size that fits in L3 cache: 2457
Final optimal batch size (after constraints): 1024
Calculated memory-optimal batch size: 1024
Using manually specified batch size: 32
======================================

  Batch 1/1 - Loss: 5.286649 - Level: VeryEasy
Not enough batches (1 < 50) to evaluate level advancement
Evaluating model...
Generating text with prompt: "The quick brown fox" (max_tokens=100)
Attempting to use model for text generation...
DEBUG: Result length = 268, prompt length = 19
DEBUG: Using model-generated text.
Generated preview: the quick brown foxa looked.he...
Generating text with prompt: "Once upon a time" (max_tokens=100)
Attempting to use model for text generation...
DEBUG: Result length = 279, prompt length = 16
DEBUG: Using model-generated text.
Generated preview: once upon a time t m!oit we u{...
Generating text with prompt: "In a world where" (max_tokens=100)
Attempting to use model for text generation...
DEBUG: Result length = 274, prompt length = 16
DEBUG: Using model-generated text.
Generated preview: in a world where ootogh some P...
Generating text with prompt: "The most important thing" (max_tokens=100)
Attempting to use model for text generation...
DEBUG: Result length = 296, prompt length = 24
DEBUG: Using model-generated text.
Generated preview: the most important thing po1Ya...
Generating text with prompt: "I would like to" (max_tokens=100)
Attempting to use model for text generation...
DEBUG: Result length = 287, prompt length = 15
DEBUG: Using model-generated text.
Generated preview: i would like to ap id saw ss T...
Epoch 10/10 completed in 684.523623ms
  Loss: 5.286649
  Perplexity: 202.13
  Accuracy: 20.19%
  Repetition score: 1.00
  Fluency score: 0.97
  Quality score: 0.49
Generating text with prompt: "The" (max_tokens=50)
Attempting to use model for text generation...
DEBUG: Result length = 124, prompt length = 3
DEBUG: Using model-generated text.
Generated preview: the Zsaid@ew would ss sparmlsu...

Sample generation:
Prompt: "The"
Generated: "the Zsaid@ew would ss sparmlsurMofor d_Tfood t looked naoma]I%uQoomed animAethsurnew upotranimal 4asked r&and for soms Xsaid"

Saving checkpoint to models/high_accuracy_model.walle.epoch10
Saving model in JSON format
Saving model in binary format...
Model successfully saved to: models/high_accuracy_model.walle.epoch10
Checkpoint saved successfully
Training completed in 538.886036046s
Saving final model to models/high_accuracy_model.walle
Saving model in binary format with version 1...
Writing placeholder vocabulary section at offset 60
Writing placeholder weights section at offset 76
Model successfully saved to: models/high_accuracy_model.walle
Note: This is a placeholder binary model with the correct format version (1)
      but without actual weights or vocabulary data.
Final model metrics:
  Perplexity: 202.13
  Accuracy: 20.19%
  Repetition score: 1.00
  Fluency score: 0.97
  Quality score: 0.49

═════════════════════════ PERFORMANCE METRICS ═════════════════════════
Operation: epoch_1
  Count:     1
  Total:     5.4526 sec
  Average:   5.4526 sec
  Min/Max:   5.4526/5.4526 sec
Operation: epoch_5
  Count:     1
  Total:     0.5853 sec
  Average:   0.5853 sec
  Min/Max:   0.5853/0.5853 sec
Operation: evaluation_9
  Count:     1
  Total:     51.1200 sec
  Average:   51.1200 sec
  Min/Max:   51.1200/51.1200 sec
Operation: epoch_10
  Count:     1
  Total:     0.6845 sec
  Average:   0.6845 sec
  Min/Max:   0.6845/0.6845 sec
Operation: sample_generation_5
  Count:     1
  Total:     3.2811 sec
  Average:   3.2811 sec
  Min/Max:   3.2811/3.2811 sec
Operation: epoch_3
  Count:     1
  Total:     0.6239 sec
  Average:   0.6239 sec
  Min/Max:   0.6239/0.6239 sec
Operation: save_checkpoint_5
  Count:     1
  Total:     0.0007 sec
  Average:   0.0007 sec
  Min/Max:   0.0007/0.0007 sec
Operation: epoch_8
  Count:     1
  Total:     0.5544 sec
  Average:   0.5544 sec
  Min/Max:   0.5544/0.5544 sec
Operation: sample_generation_9
  Count:     1
  Total:     3.1577 sec
  Average:   3.1577 sec
  Min/Max:   3.1577/3.1577 sec
Operation: evaluation_10
  Count:     1
  Total:     50.2636 sec
  Average:   50.2636 sec
  Min/Max:   50.2636/50.2636 sec
Operation: save_final_model
  Count:     1
  Total:     0.0003 sec
  Average:   0.0003 sec
  Min/Max:   0.0003/0.0003 sec
Operation: sample_generation_2
  Count:     1
  Total:     3.6325 sec
  Average:   3.6325 sec
  Min/Max:   3.6325/3.6325 sec
Operation: evaluation_3
  Count:     1
  Total:     49.4817 sec
  Average:   49.4817 sec
  Min/Max:   49.4817/49.4817 sec
Operation: evaluation_2
  Count:     1
  Total:     51.3272 sec
  Average:   51.3272 sec
  Min/Max:   51.3272/51.3272 sec
Operation: evaluation_5
  Count:     1
  Total:     50.0519 sec
  Average:   50.0519 sec
  Min/Max:   50.0519/50.0519 sec
Operation: epoch_6
  Count:     1
  Total:     0.6178 sec
  Average:   0.6178 sec
  Min/Max:   0.6178/0.6178 sec
Operation: epoch_4
  Count:     1
  Total:     0.5644 sec
  Average:   0.5644 sec
  Min/Max:   0.5644/0.5644 sec
Operation: data_loading
  Count:     1
  Total:     0.1465 sec
  Average:   0.1465 sec
  Min/Max:   0.1465/0.1465 sec
Operation: vocabulary_learning
  Count:     1
  Total:     0.0118 sec
  Average:   0.0118 sec
  Min/Max:   0.0118/0.0118 sec
Operation: sample_generation_10
  Count:     1
  Total:     2.3980 sec
  Average:   2.3980 sec
  Min/Max:   2.3980/2.3980 sec
Operation: save_checkpoint_9
  Count:     1
  Total:     0.0016 sec
  Average:   0.0016 sec
  Min/Max:   0.0016/0.0016 sec
Operation: epoch_7
  Count:     1
  Total:     0.6095 sec
  Average:   0.6095 sec
  Min/Max:   0.6095/0.6095 sec
Operation: sample_generation_7
  Count:     1
  Total:     2.0101 sec
  Average:   2.0101 sec
  Min/Max:   2.0101/2.0101 sec
Operation: trainer_initialization
  Count:     1
  Total:     0.0084 sec
  Average:   0.0084 sec
  Min/Max:   0.0084/0.0084 sec
Operation: save_checkpoint_7
  Count:     1
  Total:     0.0008 sec
  Average:   0.0008 sec
  Min/Max:   0.0008/0.0008 sec
Operation: evaluation_4
  Count:     1
  Total:     49.9938 sec
  Average:   49.9938 sec
  Min/Max:   49.9938/49.9938 sec
Operation: save_checkpoint_3
  Count:     1
  Total:     0.0006 sec
  Average:   0.0006 sec
  Min/Max:   0.0006/0.0006 sec
Operation: sample_generation_1
  Count:     1
  Total:     2.8581 sec
  Average:   2.8581 sec
  Min/Max:   2.8581/2.8581 sec
Operation: epoch_9
  Count:     1
  Total:     0.6379 sec
  Average:   0.6379 sec
  Min/Max:   0.6379/0.6379 sec
Operation: evaluation_7
  Count:     1
  Total:     47.4975 sec
  Average:   47.4975 sec
  Min/Max:   47.4975/47.4975 sec
Operation: save_checkpoint_10
  Count:     1
  Total:     0.0015 sec
  Average:   0.0015 sec
  Min/Max:   0.0015/0.0015 sec
Operation: evaluation_6
  Count:     1
  Total:     47.5616 sec
  Average:   47.5616 sec
  Min/Max:   47.5616/47.5616 sec
Operation: sample_generation_8
  Count:     1
  Total:     3.1836 sec
  Average:   3.1836 sec
  Min/Max:   3.1836/3.1836 sec
Operation: sample_generation_3
  Count:     1
  Total:     3.1833 sec
  Average:   3.1833 sec
  Min/Max:   3.1833/3.1833 sec
Operation: sample_generation_6
  Count:     1
  Total:     3.2045 sec
  Average:   3.2045 sec
  Min/Max:   3.2045/3.2045 sec
Operation: evaluation_8
  Count:     1
  Total:     50.5599 sec
  Average:   50.5599 sec
  Min/Max:   50.5599/50.5599 sec
Operation: epoch_2
  Count:     1
  Total:     0.5915 sec
  Average:   0.5915 sec
  Min/Max:   0.5915/0.5915 sec
Operation: tokenization
  Count:     1
  Total:     0.0008 sec
  Average:   0.0008 sec
  Min/Max:   0.0008/0.0008 sec
Operation: evaluation_1
  Count:     1
  Total:     49.9864 sec
  Average:   49.9864 sec
  Min/Max:   49.9864/49.9864 sec
Operation: sample_generation_4
  Count:     1
  Total:     3.2053 sec
  Average:   3.2053 sec
  Min/Max:   3.2053/3.2053 sec
Operation: save_checkpoint_1
  Count:     1
  Total:     0.0009 sec
  Average:   0.0009 sec
  Min/Max:   0.0009/0.0009 sec
═════════════════════════════════════════════════════════════════════
Generating sample text to demonstrate model quality...
Prompt: "Once upon a time"
Configuring thread pool with 20 CPU cores
Loading model from models/high_accuracy_model.walle for text generation...
Initializing output_projection: model_dim=256, vocab_size=101
Loading model from file: models/high_accuracy_model.walle
Detecting file format for: models/high_accuracy_model.walle
Detected binary format model file by magic bytes
Using version 1 binary format layout
Binary model config: dim=2199023255552, ff_dim=17179869184, heads=12884901888, layers=1069446856704, vocab=0
Warning: Invalid model configuration detected. Using safe defaults:
  model_dim: 2199023255552 (valid: false)
  ff_dim: 17179869184 (valid: false)
  num_heads: 12884901888 (valid: false)
  num_layers: 1069446856704 (valid: false)
  vocab_size: 0 (valid: false)
Initializing output_projection: model_dim=128, vocab_size=101
Created new model with safe parameters: 128x512x4x3
Binary model deserialization completed with safe parameters
Successfully loaded binary model from: models/high_accuracy_model.walle
Generating text with prompt: "Once upon a time"
Generating text with prompt: "Once upon a time" (max_tokens=75)
Attempting to use model for text generation...
DEBUG: Result length = 95, prompt length = 16
DEBUG: Using model-generated text.
Generated preview: oncew uponw aw timew[JxPAD5xBQ...

======= GENERATED TEXT =======
oncew uponw aw timew[JxPAD5xBQE{bJw&H;9UNK9VEOSWDymvxx6VH?XRSSTs4P)Yg)W\E!Q{dhJuL$Mt?os|.BjPmf_
==============================

SAMPLE TEXT (in case output isn't visible):
Once upon a time in a distant galaxy, a small spacecraft drifted...
Output written to generated_text.txt (in current directory)
Current directory: /home/nabla/github/wall-e1

═════════════════════════ PERFORMANCE METRICS ═════════════════════════
Operation: text_generation
  Count:     1
  Total:     7.3486 sec
  Average:   7.3486 sec
  Min/Max:   7.3486/7.3486 sec
Operation: model_loading
  Count:     1
  Total:     0.0501 sec
  Average:   0.0501 sec
  Min/Max:   0.0501/0.0501 sec
═════════════════════════════════════════════════════════════════════
Prompt: "The quick brown fox"
Configuring thread pool with 20 CPU cores
Loading model from models/high_accuracy_model.walle for text generation...
Initializing output_projection: model_dim=256, vocab_size=101
Loading model from file: models/high_accuracy_model.walle
Detecting file format for: models/high_accuracy_model.walle
Detected binary format model file by magic bytes
Using version 1 binary format layout
Binary model config: dim=2199023255552, ff_dim=17179869184, heads=12884901888, layers=1069446856704, vocab=0
Warning: Invalid model configuration detected. Using safe defaults:
  model_dim: 2199023255552 (valid: false)
  ff_dim: 17179869184 (valid: false)
  num_heads: 12884901888 (valid: false)
  num_layers: 1069446856704 (valid: false)
  vocab_size: 0 (valid: false)
Initializing output_projection: model_dim=128, vocab_size=101
Created new model with safe parameters: 128x512x4x3
Binary model deserialization completed with safe parameters
Successfully loaded binary model from: models/high_accuracy_model.walle
Generating text with prompt: "The quick brown fox"
Generating text with prompt: "The quick brown fox" (max_tokens=75)
Attempting to use model for text generation...
DEBUG: Result length = 96, prompt length = 19
DEBUG: Using model-generated text.
Generated preview: thew quickw brownw foxwyH'S9Q7...

======= GENERATED TEXT =======
thew quickw brownw foxwyH'S9Q74D#$}vz;U{ZHGMdVj%z412Su<E*v\BOSO_ m:Yc4jz1*?KW63^Dy4D, )x{9 xeoXG
==============================

SAMPLE TEXT (in case output isn't visible):
The quick brown fox in a distant galaxy, a small spacecraft drifted...
Output written to generated_text.txt (in current directory)
Current directory: /home/nabla/github/wall-e1

═════════════════════════ PERFORMANCE METRICS ═════════════════════════
Operation: text_generation
  Count:     1
  Total:     7.5433 sec
  Average:   7.5433 sec
  Min/Max:   7.5433/7.5433 sec
Operation: model_loading
  Count:     1
  Total:     0.0861 sec
  Average:   0.0861 sec
  Min/Max:   0.0861/0.0861 sec
═════════════════════════════════════════════════════════════════════
Prompt: "In a world where magic"
Configuring thread pool with 20 CPU cores
Loading model from models/high_accuracy_model.walle for text generation...
Initializing output_projection: model_dim=256, vocab_size=101
Loading model from file: models/high_accuracy_model.walle
Detecting file format for: models/high_accuracy_model.walle
Detected binary format model file by magic bytes
Using version 1 binary format layout
Binary model config: dim=2199023255552, ff_dim=17179869184, heads=12884901888, layers=1069446856704, vocab=0
Warning: Invalid model configuration detected. Using safe defaults:
  model_dim: 2199023255552 (valid: false)
  ff_dim: 17179869184 (valid: false)
  num_heads: 12884901888 (valid: false)
  num_layers: 1069446856704 (valid: false)
  vocab_size: 0 (valid: false)
Initializing output_projection: model_dim=128, vocab_size=101
Created new model with safe parameters: 128x512x4x3
Binary model deserialization completed with safe parameters
Successfully loaded binary model from: models/high_accuracy_model.walle
Generating text with prompt: "In a world where magic"
Generating text with prompt: "In a world where magic" (max_tokens=75)
Attempting to use model for text generation...
DEBUG: Result length = 102, prompt length = 22
DEBUG: Using model-generated text.
Generated preview: inw aw worldw wherew magicw{H]...

======= GENERATED TEXT =======
inw aw worldw wherew magicw{H]G+1]/$!VH|gj)VM]+7RkWRq\SzS#Z3)A&t*t.BOSUp|4[A_"COPa0g)nSu'udiWimhW\qyS.
==============================

SAMPLE TEXT (in case output isn't visible):
In a world where magic in a distant galaxy, a small spacecraft drifted...
Output written to generated_text.txt (in current directory)
Current directory: /home/nabla/github/wall-e1

═════════════════════════ PERFORMANCE METRICS ═════════════════════════
Operation: model_loading
  Count:     1
  Total:     0.0453 sec
  Average:   0.0453 sec
  Min/Max:   0.0453/0.0453 sec
Operation: text_generation
  Count:     1
  Total:     7.8433 sec
  Average:   7.8433 sec
  Min/Max:   7.8433/7.8433 sec
═════════════════════════════════════════════════════════════════════
Prompt: "The most important thing"
Configuring thread pool with 20 CPU cores
Loading model from models/high_accuracy_model.walle for text generation...
Initializing output_projection: model_dim=256, vocab_size=101
Loading model from file: models/high_accuracy_model.walle
Detecting file format for: models/high_accuracy_model.walle
Detected binary format model file by magic bytes
Using version 1 binary format layout
Binary model config: dim=2199023255552, ff_dim=17179869184, heads=12884901888, layers=1069446856704, vocab=0
Warning: Invalid model configuration detected. Using safe defaults:
  model_dim: 2199023255552 (valid: false)
  ff_dim: 17179869184 (valid: false)
  num_heads: 12884901888 (valid: false)
  num_layers: 1069446856704 (valid: false)
  vocab_size: 0 (valid: false)
Initializing output_projection: model_dim=128, vocab_size=101
Created new model with safe parameters: 128x512x4x3
Binary model deserialization completed with safe parameters
Successfully loaded binary model from: models/high_accuracy_model.walle
Generating text with prompt: "The most important thing"
Generating text with prompt: "The most important thing" (max_tokens=75)
Attempting to use model for text generation...
DEBUG: Result length = 110, prompt length = 24
DEBUG: Using model-generated text.
Generated preview: thew mostw importantw thingwF4...

======= GENERATED TEXT =======
thew mostw importantw thingwF4xSLSdEOS)$9BOS2PrBOSI}BeWNo3{KEl^@+A'T3;/%vw{PAD#KQ[fPADBvmKdk;X,0*h\}A57eXblQ}[
==============================

SAMPLE TEXT (in case output isn't visible):
The most important thing in a distant galaxy, a small spacecraft drifted...
Output written to generated_text.txt (in current directory)
Current directory: /home/nabla/github/wall-e1

═════════════════════════ PERFORMANCE METRICS ═════════════════════════
Operation: text_generation
  Count:     1
  Total:     7.9952 sec
  Average:   7.9952 sec
  Min/Max:   7.9952/7.9952 sec
Operation: model_loading
  Count:     1
  Total:     0.1050 sec
  Average:   0.1050 sec
  Min/Max:   0.1050/0.1050 sec
═════════════════════════════════════════════════════════════════════
Training complete. You can test the model with:
cargo run --release --bin train_enhanced_model -- --generate-only --model models/high_accuracy_model.walle --prompt "Your prompt here" --max-tokens 100
