Detected JSON format data file
Using quality-focused sampling: 4000 high-quality stories
╔═════════════════════════════════════════════════════╗
║              STEP 1: DATA PREPARATION               ║
╚═════════════════════════════════════════════════════╝
Preprocessing disabled. Using original data.
╔═════════════════════════════════════════════════════╗
║          OPTIMIZED TRAINING CONFIGURATION           ║
╚═════════════════════════════════════════════════════╝
Model size: small
Model architecture: 128 dim, 4 heads, 3 layers
Feed-forward dimension: 512
Vocabulary size: 5000
Min token frequency: 2
Learning rate: 0.0001
Epochs: 10
Data sampling: quality (4000 stories)
Data preprocessing: false
Training data: data/tiny_stories_sample.json
Save path: models/high_accuracy_model.json
╔═════════════════════════════════════════════════════╗
║           BUILDING OPTIMIZED COMMAND                ║
╚═════════════════════════════════════════════════════╝
╔═════════════════════════════════════════════════════╗
║           STARTING OPTIMIZED TRAINING               ║
╚═════════════════════════════════════════════════════╝
Executing: cargo run --release --bin train_enhanced_model -- data/tiny_stories_sample.json --model-dim 128 --ff-dim 512 --heads 4 --layers 3 --epochs 10 --vocab-size 5000 --min-freq 2 --save-path models/high_accuracy_model.json --learning-rate 0.0001 --enable-skip --strong-anti-rep --json-format --stories 4000
   Compiling wall-e1 v0.1.0 (/home/nabla/github/wall-e1)
warning: unused import: `Array2`
 --> src/training/generation.rs:2:18
  |
2 | use ndarray::{s, Array2};
  |                  ^^^^^^
  |
  = note: `#[warn(unused_imports)]` on by default

warning: unused import: `crate::training::ModelOutput`
 --> src/training/generation.rs:6:5
  |
6 | use crate::training::ModelOutput;
  |     ^^^^^^^^^^^^^^^^^^^^^^^^^^^^

warning: unused import: `rand::rngs::StdRng`
 --> src/training/curriculum.rs:4:5
  |
4 | use rand::rngs::StdRng;
  |     ^^^^^^^^^^^^^^^^^^

warning: unused import: `rand::SeedableRng`
 --> src/training/curriculum.rs:5:5
  |
5 | use rand::SeedableRng;
  |     ^^^^^^^^^^^^^^^^^

warning: unused import: `std::time::Instant`
 --> src/training/enhanced_trainer.rs:2:5
  |
2 | use std::time::Instant;
  |     ^^^^^^^^^^^^^^^^^^

warning: unused import: `crate::tokenizer::Tokenizer`
 --> src/training/enhanced_trainer.rs:7:5
  |
7 | use crate::tokenizer::Tokenizer;
  |     ^^^^^^^^^^^^^^^^^^^^^^^^^^^

warning: unused import: `crate::training::TextGenerationModel`
  --> src/training/enhanced_trainer.rs:11:5
   |
11 | use crate::training::TextGenerationModel;
   |     ^^^^^^^^^^^^^^^^^^^^^^^^^^^^^^^^^^^^

warning: unused import: `rand::prelude`
  --> src/training/enhanced_trainer.rs:14:5
   |
14 | use rand::prelude::*;
   |     ^^^^^^^^^^^^^

warning: unused import: `crate::training::TextGenerationModel`
 --> src/training/generation.rs:7:5
  |
7 | use crate::training::TextGenerationModel;
  |     ^^^^^^^^^^^^^^^^^^^^^^^^^^^^^^^^^^^^

warning: unused variable: `count`
   --> src/tokenizer/word_bpe.rs:130:20
    |
130 |         for (word, count) in word_counts.iter().filter(|&(_, count)| *count >= min_frequency) {
    |                    ^^^^^ help: if this is intentional, prefix it with an underscore: `_count`
    |
    = note: `#[warn(unused_variables)]` on by default

warning: variable does not need to be mutable
   --> src/training/enhanced_trainer.rs:533:21
    |
533 |                 let mut new_trainer = Trainer::new(
    |                     ----^^^^^^^^^^^
    |                     |
    |                     help: remove this `mut`
    |
    = note: `#[warn(unused_mut)]` on by default

warning: fields `auto_advance`, `beyond_standard_levels`, `fixed_batch_size`, and `max_seq_len` are never read
  --> src/training/curriculum.rs:71:5
   |
59 | pub struct CurriculumScheduler {
   |            ------------------- fields in this struct
...
71 |     auto_advance: bool,
   |     ^^^^^^^^^^^^
72 |     /// Whether we've advanced beyond the hardest standard level
73 |     beyond_standard_levels: bool,
   |     ^^^^^^^^^^^^^^^^^^^^^^
...
77 |     fixed_batch_size: bool,
   |     ^^^^^^^^^^^^^^^^
78 |     /// Maximum sequence length
79 |     max_seq_len: usize,
   |     ^^^^^^^^^^^
   |
   = note: `#[warn(dead_code)]` on by default

warning: `wall-e1` (lib) generated 12 warnings (run `cargo fix --lib -p wall-e1` to apply 7 suggestions)
warning: unused variable: `epoch`
   --> src/bin/train_enhanced_model.rs:444:68
    |
444 | fn train_epoch(trainer: &mut EnhancedTrainer, tokens: &Vec<usize>, epoch: usize) -> f32 {
    |                                                                    ^^^^^ help: if this is intentional, prefix it with an underscore: `_epoch`
    |
    = note: `#[warn(unused_variables)]` on by default

warning: `wall-e1` (bin "train_enhanced_model") generated 1 warning
    Finished `release` profile [optimized] target(s) in 2.67s
     Running `target/release/train_enhanced_model data/tiny_stories_sample.json --model-dim 128 --ff-dim 512 --heads 4 --layers 3 --epochs 10 --vocab-size 5000 --min-freq 2 --save-path models/high_accuracy_model.json --learning-rate 0.0001 --enable-skip --strong-anti-rep --json-format --stories 4000`
Training Configuration:
  Training data: data/tiny_stories_sample.json
  Data format: TinyStories JSON
  Max stories: 4000
  Model dimension: 128
  FF dimension: 512
  Attention heads: 4
  Layers: 3
  Dropout rate: 0.1
  Learning rate: 0.0001
  Epochs: 10
  Curriculum learning: enabled
  Vocabulary size: 5000
  Min token frequency: 2
  Skip connections: enabled
  Strong anti-repetition: enabled
  Save path: models/high_accuracy_model.json
Reading training data...
Found 58300 stories in JSON file
Will use 4000 stories for training
Processed 4000 stories, total text length: 3548784 characters
Creating trainer...
Initializing output_projection: model_dim=128, vocab_size=101
Configuring strong anti-repetition mechanisms...
Enabling skip connections...
Enabling residual skip connections for improved gradient flow
Initializing output_projection: model_dim=128, vocab_size=101
Skip connections of type 'residual' enabled
Learning tokenizer vocabulary...
Initializing output_projection: model_dim=128, vocab_size=4999
Setting up curriculum learning...
Starting training for 10 epochs...
Epoch 1/10
Created 175523 input/target pairs for training
Initializing curriculum learning with examples...
Before redistribution: 1 examples at level VeryEasy
Before redistribution: 0 examples at level Easy
Before redistribution: 0 examples at level Medium
Before redistribution: 0 examples at level Hard
Before redistribution: 0 examples at level VeryHard
Before redistribution: 1 examples at level VeryEasy
Before redistribution: 1 examples at level Easy
Before redistribution: 0 examples at level Medium
Before redistribution: 0 examples at level Hard
Before redistribution: 0 examples at level VeryHard
Before redistribution: 1 examples at level VeryEasy
Before redistribution: 1 examples at level Easy
Before redistribution: 1 examples at level Medium
Before redistribution: 0 examples at level Hard
Before redistribution: 0 examples at level VeryHard
Before redistribution: 1 examples at level VeryEasy
Before redistribution: 1 examples at level Easy
Before redistribution: 1 examples at level Medium
Before redistribution: 1 examples at level Hard
Before redistribution: 0 examples at level VeryHard
Before redistribution: 1 examples at level VeryEasy
Before redistribution: 1 examples at level Easy
Before redistribution: 1 examples at level Medium
Before redistribution: 1 examples at level Hard
Before redistribution: 1 examples at level VeryHard
Performing example redistribution across difficulty levels...
Redistributed 5 examples to level VeryEasy
Copied 5 examples to level Easy from previous level
Copied 5 examples to level Medium from previous level
Copied 5 examples to level Hard from previous level
Copied 5 examples to level VeryHard from previous level
After redistribution: 5 examples at level VeryEasy
After redistribution: 5 examples at level Easy
After redistribution: 5 examples at level Medium
After redistribution: 5 examples at level Hard
After redistribution: 5 examples at level VeryHard
Before redistribution: 6 examples at level VeryEasy
Before redistribution: 5 examples at level Easy
Before redistribution: 5 examples at level Medium
Before redistribution: 5 examples at level Hard
Before redistribution: 5 examples at level VeryHard
Before redistribution: 6 examples at level VeryEasy
Before redistribution: 6 examples at level Easy
Before redistribution: 5 examples at level Medium
Before redistribution: 5 examples at level Hard
Before redistribution: 5 examples at level VeryHard
Before redistribution: 6 examples at level VeryEasy
Before redistribution: 6 examples at level Easy
Before redistribution: 6 examples at level Medium
Before redistribution: 5 examples at level Hard
Before redistribution: 5 examples at level VeryHard
Before redistribution: 6 examples at level VeryEasy
Before redistribution: 6 examples at level Easy
Before redistribution: 6 examples at level Medium
Before redistribution: 6 examples at level Hard
Before redistribution: 5 examples at level VeryHard
Before redistribution: 6 examples at level VeryEasy
Before redistribution: 6 examples at level Easy
Before redistribution: 6 examples at level Medium
Before redistribution: 6 examples at level Hard
Before redistribution: 6 examples at level VeryHard
Performing example redistribution across difficulty levels...
Redistributed 10 examples to level VeryEasy
Redistributed 10 examples to level Easy
Redistributed 10 examples to level Medium
Copied 10 examples to level Hard from previous level
Copied 10 examples to level VeryHard from previous level
After redistribution: 10 examples at level VeryEasy
After redistribution: 10 examples at level Easy
After redistribution: 10 examples at level Medium
After redistribution: 10 examples at level Hard
After redistribution: 10 examples at level VeryHard
Before redistribution: 11 examples at level VeryEasy
Before redistribution: 10 examples at level Easy
Before redistribution: 10 examples at level Medium
Before redistribution: 10 examples at level Hard
Before redistribution: 10 examples at level VeryHard
Before redistribution: 11 examples at level VeryEasy
Before redistribution: 11 examples at level Easy
Before redistribution: 10 examples at level Medium
Before redistribution: 10 examples at level Hard
Before redistribution: 10 examples at level VeryHard
Before redistribution: 11 examples at level VeryEasy
Before redistribution: 11 examples at level Easy
Before redistribution: 11 examples at level Medium
Before redistribution: 10 examples at level Hard
Before redistribution: 10 examples at level VeryHard
Before redistribution: 11 examples at level VeryEasy
Before redistribution: 11 examples at level Easy
Before redistribution: 11 examples at level Medium
Before redistribution: 11 examples at level Hard
Before redistribution: 10 examples at level VeryHard
Before redistribution: 11 examples at level VeryEasy
Before redistribution: 11 examples at level Easy
Before redistribution: 11 examples at level Medium
Before redistribution: 11 examples at level Hard
Before redistribution: 11 examples at level VeryHard
Performing example redistribution across difficulty levels...
Redistributed 11 examples to level VeryEasy
Redistributed 11 examples to level Easy
Redistributed 11 examples to level Medium
Redistributed 11 examples to level Hard
Redistributed 11 examples to level VeryHard
After redistribution: 11 examples at level VeryEasy
After redistribution: 11 examples at level Easy
After redistribution: 11 examples at level Medium
After redistribution: 11 examples at level Hard
After redistribution: 11 examples at level VeryHard
Before redistribution: 12 examples at level VeryEasy
Before redistribution: 11 examples at level Easy
Before redistribution: 11 examples at level Medium
Before redistribution: 11 examples at level Hard
Before redistribution: 11 examples at level VeryHard
Before redistribution: 12 examples at level VeryEasy
Before redistribution: 12 examples at level Easy
Before redistribution: 11 examples at level Medium
Before redistribution: 11 examples at level Hard
Before redistribution: 11 examples at level VeryHard
Before redistribution: 12 examples at level VeryEasy
Before redistribution: 12 examples at level Easy
Before redistribution: 12 examples at level Medium
Before redistribution: 11 examples at level Hard
Before redistribution: 11 examples at level VeryHard
Before redistribution: 12 examples at level VeryEasy
Before redistribution: 12 examples at level Easy
Before redistribution: 12 examples at level Medium
Before redistribution: 12 examples at level Hard
Before redistribution: 11 examples at level VeryHard
Before redistribution: 12 examples at level VeryEasy
Before redistribution: 12 examples at level Easy
Before redistribution: 12 examples at level Medium
Before redistribution: 12 examples at level Hard
Before redistribution: 12 examples at level VeryHard
Performing example redistribution across difficulty levels...
Redistributed 12 examples to level VeryEasy
Redistributed 12 examples to level Easy
Redistributed 12 examples to level Medium
Redistributed 12 examples to level Hard
Redistributed 12 examples to level VeryHard
After redistribution: 12 examples at level VeryEasy
After redistribution: 12 examples at level Easy
After redistribution: 12 examples at level Medium
After redistribution: 12 examples at level Hard
After redistribution: 12 examples at level VeryHard
Before redistribution: 13 examples at level VeryEasy
Before redistribution: 12 examples at level Easy
Before redistribution: 12 examples at level Medium
Before redistribution: 12 examples at level Hard
Before redistribution: 12 examples at level VeryHard
Before redistribution: 13 examples at level VeryEasy
Before redistribution: 13 examples at level Easy
Before redistribution: 12 examples at level Medium
Before redistribution: 12 examples at level Hard
Before redistribution: 12 examples at level VeryHard
Before redistribution: 13 examples at level VeryEasy
Before redistribution: 13 examples at level Easy
Before redistribution: 13 examples at level Medium
Before redistribution: 12 examples at level Hard
Before redistribution: 12 examples at level VeryHard
Before redistribution: 13 examples at level VeryEasy
Before redistribution: 13 examples at level Easy
Before redistribution: 13 examples at level Medium
Before redistribution: 13 examples at level Hard
Before redistribution: 12 examples at level VeryHard
Before redistribution: 13 examples at level VeryEasy
Before redistribution: 13 examples at level Easy
Before redistribution: 13 examples at level Medium
Before redistribution: 13 examples at level Hard
Before redistribution: 13 examples at level VeryHard
Performing example redistribution across difficulty levels...
Redistributed 13 examples to level VeryEasy
Redistributed 13 examples to level Easy
Redistributed 13 examples to level Medium
Redistributed 13 examples to level Hard
Redistributed 13 examples to level VeryHard
After redistribution: 13 examples at level VeryEasy
After redistribution: 13 examples at level Easy
After redistribution: 13 examples at level Medium
After redistribution: 13 examples at level Hard
After redistribution: 13 examples at level VeryHard
Before redistribution: 14 examples at level VeryEasy
Before redistribution: 13 examples at level Easy
Before redistribution: 13 examples at level Medium
Before redistribution: 13 examples at level Hard
Before redistribution: 13 examples at level VeryHard
Before redistribution: 14 examples at level VeryEasy
Before redistribution: 14 examples at level Easy
Before redistribution: 13 examples at level Medium
Before redistribution: 13 examples at level Hard
Before redistribution: 13 examples at level VeryHard
Before redistribution: 14 examples at level VeryEasy
Before redistribution: 14 examples at level Easy
Before redistribution: 14 examples at level Medium
Before redistribution: 13 examples at level Hard
Before redistribution: 13 examples at level VeryHard
Before redistribution: 14 examples at level VeryEasy
Before redistribution: 14 examples at level Easy
Before redistribution: 14 examples at level Medium
Before redistribution: 14 examples at level Hard
Before redistribution: 13 examples at level VeryHard
Before redistribution: 14 examples at level VeryEasy
Before redistribution: 14 examples at level Easy
Before redistribution: 14 examples at level Medium
Before redistribution: 14 examples at level Hard
Before redistribution: 14 examples at level VeryHard
Performing example redistribution across difficulty levels...
Redistributed 14 examples to level VeryEasy
Redistributed 14 examples to level Easy
Redistributed 14 examples to level Medium
Redistributed 14 examples to level Hard
Redistributed 14 examples to level VeryHard
After redistribution: 14 examples at level VeryEasy
After redistribution: 14 examples at level Easy
After redistribution: 14 examples at level Medium
After redistribution: 14 examples at level Hard
After redistribution: 14 examples at level VeryHard
Before redistribution: 15 examples at level VeryEasy
Before redistribution: 14 examples at level Easy
Before redistribution: 14 examples at level Medium
Before redistribution: 14 examples at level Hard
Before redistribution: 14 examples at level VeryHard
Before redistribution: 15 examples at level VeryEasy
Before redistribution: 15 examples at level Easy
Before redistribution: 14 examples at level Medium
Before redistribution: 14 examples at level Hard
Before redistribution: 14 examples at level VeryHard
Before redistribution: 15 examples at level VeryEasy
Before redistribution: 15 examples at level Easy
Before redistribution: 15 examples at level Medium
Before redistribution: 14 examples at level Hard
Before redistribution: 14 examples at level VeryHard
Before redistribution: 15 examples at level VeryEasy
Before redistribution: 15 examples at level Easy
Before redistribution: 15 examples at level Medium
Before redistribution: 15 examples at level Hard
Before redistribution: 14 examples at level VeryHard
Before redistribution: 15 examples at level VeryEasy
Before redistribution: 15 examples at level Easy
Before redistribution: 15 examples at level Medium
Before redistribution: 15 examples at level Hard
Before redistribution: 15 examples at level VeryHard
Performing example redistribution across difficulty levels...
Redistributed 15 examples to level VeryEasy
Redistributed 15 examples to level Easy
Redistributed 15 examples to level Medium
Redistributed 15 examples to level Hard
Redistributed 15 examples to level VeryHard
After redistribution: 15 examples at level VeryEasy
After redistribution: 15 examples at level Easy
After redistribution: 15 examples at level Medium
After redistribution: 15 examples at level Hard
After redistribution: 15 examples at level VeryHard
Before redistribution: 16 examples at level VeryEasy
Before redistribution: 15 examples at level Easy
Before redistribution: 15 examples at level Medium
Before redistribution: 15 examples at level Hard
Before redistribution: 15 examples at level VeryHard
Before redistribution: 16 examples at level VeryEasy
Before redistribution: 16 examples at level Easy
Before redistribution: 15 examples at level Medium
Before redistribution: 15 examples at level Hard
Before redistribution: 15 examples at level VeryHard
Before redistribution: 16 examples at level VeryEasy
Before redistribution: 16 examples at level Easy
Before redistribution: 16 examples at level Medium
Before redistribution: 15 examples at level Hard
Before redistribution: 15 examples at level VeryHard
Before redistribution: 16 examples at level VeryEasy
Before redistribution: 16 examples at level Easy
Before redistribution: 16 examples at level Medium
Before redistribution: 16 examples at level Hard
Before redistribution: 15 examples at level VeryHard
Before redistribution: 16 examples at level VeryEasy
Before redistribution: 16 examples at level Easy
Before redistribution: 16 examples at level Medium
Before redistribution: 16 examples at level Hard
Before redistribution: 16 examples at level VeryHard
Performing example redistribution across difficulty levels...
Redistributed 16 examples to level VeryEasy
Redistributed 16 examples to level Easy
Redistributed 16 examples to level Medium
Redistributed 16 examples to level Hard
Redistributed 16 examples to level VeryHard
After redistribution: 16 examples at level VeryEasy
After redistribution: 16 examples at level Easy
After redistribution: 16 examples at level Medium
After redistribution: 16 examples at level Hard
After redistribution: 16 examples at level VeryHard
Before redistribution: 17 examples at level VeryEasy
Before redistribution: 16 examples at level Easy
Before redistribution: 16 examples at level Medium
Before redistribution: 16 examples at level Hard
Before redistribution: 16 examples at level VeryHard
Before redistribution: 17 examples at level VeryEasy
Before redistribution: 17 examples at level Easy
Before redistribution: 16 examples at level Medium
Before redistribution: 16 examples at level Hard
Before redistribution: 16 examples at level VeryHard
Before redistribution: 17 examples at level VeryEasy
Before redistribution: 17 examples at level Easy
Before redistribution: 17 examples at level Medium
Before redistribution: 16 examples at level Hard
Before redistribution: 16 examples at level VeryHard
Before redistribution: 17 examples at level VeryEasy
Before redistribution: 17 examples at level Easy
Before redistribution: 17 examples at level Medium
Before redistribution: 17 examples at level Hard
Before redistribution: 16 examples at level VeryHard
Before redistribution: 17 examples at level VeryEasy
Before redistribution: 17 examples at level Easy
Before redistribution: 17 examples at level Medium
Before redistribution: 17 examples at level Hard
Before redistribution: 17 examples at level VeryHard
Performing example redistribution across difficulty levels...
Redistributed 17 examples to level VeryEasy
Redistributed 17 examples to level Easy
Redistributed 17 examples to level Medium
Redistributed 17 examples to level Hard
Redistributed 17 examples to level VeryHard
After redistribution: 17 examples at level VeryEasy
After redistribution: 17 examples at level Easy
After redistribution: 17 examples at level Medium
After redistribution: 17 examples at level Hard
After redistribution: 17 examples at level VeryHard
Before redistribution: 18 examples at level VeryEasy
Before redistribution: 17 examples at level Easy
Before redistribution: 17 examples at level Medium
Before redistribution: 17 examples at level Hard
Before redistribution: 17 examples at level VeryHard
Before redistribution: 18 examples at level VeryEasy
Before redistribution: 18 examples at level Easy
Before redistribution: 17 examples at level Medium
Before redistribution: 17 examples at level Hard
Before redistribution: 17 examples at level VeryHard
Before redistribution: 18 examples at level VeryEasy
Before redistribution: 18 examples at level Easy
Before redistribution: 18 examples at level Medium
Before redistribution: 17 examples at level Hard
Before redistribution: 17 examples at level VeryHard
Before redistribution: 18 examples at level VeryEasy
Before redistribution: 18 examples at level Easy
Before redistribution: 18 examples at level Medium
Before redistribution: 18 examples at level Hard
Before redistribution: 17 examples at level VeryHard
Before redistribution: 18 examples at level VeryEasy
Before redistribution: 18 examples at level Easy
Before redistribution: 18 examples at level Medium
Before redistribution: 18 examples at level Hard
Before redistribution: 18 examples at level VeryHard
Performing example redistribution across difficulty levels...
Redistributed 18 examples to level VeryEasy
Redistributed 18 examples to level Easy
Redistributed 18 examples to level Medium
Redistributed 18 examples to level Hard
Redistributed 18 examples to level VeryHard
After redistribution: 18 examples at level VeryEasy
After redistribution: 18 examples at level Easy
After redistribution: 18 examples at level Medium
After redistribution: 18 examples at level Hard
After redistribution: 18 examples at level VeryHard
Before redistribution: 19 examples at level VeryEasy
Before redistribution: 18 examples at level Easy
Before redistribution: 18 examples at level Medium
Before redistribution: 18 examples at level Hard
Before redistribution: 18 examples at level VeryHard
Before redistribution: 19 examples at level VeryEasy
Before redistribution: 19 examples at level Easy
Before redistribution: 18 examples at level Medium
Before redistribution: 18 examples at level Hard
Before redistribution: 18 examples at level VeryHard
Before redistribution: 19 examples at level VeryEasy
Before redistribution: 19 examples at level Easy
Before redistribution: 19 examples at level Medium
Before redistribution: 18 examples at level Hard
Before redistribution: 18 examples at level VeryHard
Before redistribution: 19 examples at level VeryEasy
Before redistribution: 19 examples at level Easy
Before redistribution: 19 examples at level Medium
Before redistribution: 19 examples at level Hard
Before redistribution: 18 examples at level VeryHard
Before redistribution: 19 examples at level VeryEasy
Before redistribution: 19 examples at level Easy
Before redistribution: 19 examples at level Medium
Before redistribution: 19 examples at level Hard
Before redistribution: 19 examples at level VeryHard
Performing example redistribution across difficulty levels...
Redistributed 19 examples to level VeryEasy
Redistributed 19 examples to level Easy
Redistributed 19 examples to level Medium
Redistributed 19 examples to level Hard
Redistributed 19 examples to level VeryHard
After redistribution: 19 examples at level VeryEasy
After redistribution: 19 examples at level Easy
After redistribution: 19 examples at level Medium
After redistribution: 19 examples at level Hard
After redistribution: 19 examples at level VeryHard
Before redistribution: 20 examples at level VeryEasy
Before redistribution: 19 examples at level Easy
Before redistribution: 19 examples at level Medium
Before redistribution: 19 examples at level Hard
Before redistribution: 19 examples at level VeryHard
Before redistribution: 20 examples at level VeryEasy
Before redistribution: 20 examples at level Easy
Before redistribution: 19 examples at level Medium
Before redistribution: 19 examples at level Hard
Before redistribution: 19 examples at level VeryHard
Before redistribution: 20 examples at level VeryEasy
Before redistribution: 20 examples at level Easy
Before redistribution: 20 examples at level Medium
Before redistribution: 19 examples at level Hard
Before redistribution: 19 examples at level VeryHard
Before redistribution: 20 examples at level VeryEasy
Before redistribution: 20 examples at level Easy
Before redistribution: 20 examples at level Medium
Before redistribution: 20 examples at level Hard
Before redistribution: 19 examples at level VeryHard
Before redistribution: 20 examples at level VeryEasy
Before redistribution: 20 examples at level Easy
Before redistribution: 20 examples at level Medium
Before redistribution: 20 examples at level Hard
Before redistribution: 20 examples at level VeryHard
Performing example redistribution across difficulty levels...
Redistributed 20 examples to level VeryEasy
Redistributed 20 examples to level Easy
Redistributed 20 examples to level Medium
Redistributed 20 examples to level Hard
Redistributed 20 examples to level VeryHard
After redistribution: 20 examples at level VeryEasy
After redistribution: 20 examples at level Easy
After redistribution: 20 examples at level Medium
After redistribution: 20 examples at level Hard
After redistribution: 20 examples at level VeryHard
Before redistribution: 21 examples at level VeryEasy
Before redistribution: 20 examples at level Easy
Before redistribution: 20 examples at level Medium
Before redistribution: 20 examples at level Hard
Before redistribution: 20 examples at level VeryHard
Before redistribution: 21 examples at level VeryEasy
Before redistribution: 21 examples at level Easy
Before redistribution: 20 examples at level Medium
Before redistribution: 20 examples at level Hard
Before redistribution: 20 examples at level VeryHard
Before redistribution: 21 examples at level VeryEasy
Before redistribution: 21 examples at level Easy
Before redistribution: 21 examples at level Medium
Before redistribution: 20 examples at level Hard
Before redistribution: 20 examples at level VeryHard
Before redistribution: 21 examples at level VeryEasy
Before redistribution: 21 examples at level Easy
Before redistribution: 21 examples at level Medium
Before redistribution: 21 examples at level Hard
Before redistribution: 20 examples at level VeryHard
Before redistribution: 21 examples at level VeryEasy
Before redistribution: 21 examples at level Easy
Before redistribution: 21 examples at level Medium
Before redistribution: 21 examples at level Hard
Before redistribution: 21 examples at level VeryHard
Performing example redistribution across difficulty levels...
Redistributed 21 examples to level VeryEasy
Redistributed 21 examples to level Easy
Redistributed 21 examples to level Medium
Redistributed 21 examples to level Hard
Redistributed 21 examples to level VeryHard
After redistribution: 21 examples at level VeryEasy
After redistribution: 21 examples at level Easy
After redistribution: 21 examples at level Medium
After redistribution: 21 examples at level Hard
After redistribution: 21 examples at level VeryHard
Before redistribution: 22 examples at level VeryEasy
Before redistribution: 21 examples at level Easy
Before redistribution: 21 examples at level Medium
Before redistribution: 21 examples at level Hard
Before redistribution: 21 examples at level VeryHard
Before redistribution: 22 examples at level VeryEasy
Before redistribution: 22 examples at level Easy
Before redistribution: 21 examples at level Medium
Before redistribution: 21 examples at level Hard
Before redistribution: 21 examples at level VeryHard
Before redistribution: 22 examples at level VeryEasy
Before redistribution: 22 examples at level Easy
Before redistribution: 22 examples at level Medium
Before redistribution: 21 examples at level Hard
Before redistribution: 21 examples at level VeryHard
Before redistribution: 22 examples at level VeryEasy
Before redistribution: 22 examples at level Easy
Before redistribution: 22 examples at level Medium
Before redistribution: 22 examples at level Hard
Before redistribution: 21 examples at level VeryHard
Before redistribution: 22 examples at level VeryEasy
Before redistribution: 22 examples at level Easy
Before redistribution: 22 examples at level Medium
Before redistribution: 22 examples at level Hard
Before redistribution: 22 examples at level VeryHard
Performing example redistribution across difficulty levels...
Redistributed 22 examples to level VeryEasy
Redistributed 22 examples to level Easy
Redistributed 22 examples to level Medium
Redistributed 22 examples to level Hard
Redistributed 22 examples to level VeryHard
After redistribution: 22 examples at level VeryEasy
After redistribution: 22 examples at level Easy
After redistribution: 22 examples at level Medium
After redistribution: 22 examples at level Hard
After redistribution: 22 examples at level VeryHard
Before redistribution: 23 examples at level VeryEasy
Before redistribution: 22 examples at level Easy
Before redistribution: 22 examples at level Medium
Before redistribution: 22 examples at level Hard
Before redistribution: 22 examples at level VeryHard
Before redistribution: 23 examples at level VeryEasy
Before redistribution: 23 examples at level Easy
Before redistribution: 22 examples at level Medium
Before redistribution: 22 examples at level Hard
Before redistribution: 22 examples at level VeryHard
Before redistribution: 23 examples at level VeryEasy
Before redistribution: 23 examples at level Easy
Before redistribution: 23 examples at level Medium
Before redistribution: 22 examples at level Hard
Before redistribution: 22 examples at level VeryHard
Before redistribution: 23 examples at level VeryEasy
Before redistribution: 23 examples at level Easy
Before redistribution: 23 examples at level Medium
Before redistribution: 23 examples at level Hard
Before redistribution: 22 examples at level VeryHard
Before redistribution: 23 examples at level VeryEasy
Before redistribution: 23 examples at level Easy
Before redistribution: 23 examples at level Medium
Before redistribution: 23 examples at level Hard
Before redistribution: 23 examples at level VeryHard
Performing example redistribution across difficulty levels...
Redistributed 23 examples to level VeryEasy
Redistributed 23 examples to level Easy
Redistributed 23 examples to level Medium
Redistributed 23 examples to level Hard
Redistributed 23 examples to level VeryHard
After redistribution: 23 examples at level VeryEasy
After redistribution: 23 examples at level Easy
After redistribution: 23 examples at level Medium
After redistribution: 23 examples at level Hard
After redistribution: 23 examples at level VeryHard
Before redistribution: 24 examples at level VeryEasy
Before redistribution: 23 examples at level Easy
Before redistribution: 23 examples at level Medium
Before redistribution: 23 examples at level Hard
Before redistribution: 23 examples at level VeryHard
Before redistribution: 24 examples at level VeryEasy
Before redistribution: 24 examples at level Easy
Before redistribution: 23 examples at level Medium
Before redistribution: 23 examples at level Hard
Before redistribution: 23 examples at level VeryHard
Before redistribution: 24 examples at level VeryEasy
Before redistribution: 24 examples at level Easy
Before redistribution: 24 examples at level Medium
Before redistribution: 23 examples at level Hard
Before redistribution: 23 examples at level VeryHard
Before redistribution: 24 examples at level VeryEasy
Before redistribution: 24 examples at level Easy
Before redistribution: 24 examples at level Medium
Before redistribution: 24 examples at level Hard
Before redistribution: 23 examples at level VeryHard
Before redistribution: 24 examples at level VeryEasy
Before redistribution: 24 examples at level Easy
Before redistribution: 24 examples at level Medium
Before redistribution: 24 examples at level Hard
Before redistribution: 24 examples at level VeryHard
Performing example redistribution across difficulty levels...
Redistributed 24 examples to level VeryEasy
Redistributed 24 examples to level Easy
Redistributed 24 examples to level Medium
Redistributed 24 examples to level Hard
Redistributed 24 examples to level VeryHard
After redistribution: 24 examples at level VeryEasy
After redistribution: 24 examples at level Easy
After redistribution: 24 examples at level Medium
After redistribution: 24 examples at level Hard
After redistribution: 24 examples at level VeryHard
Before redistribution: 25 examples at level VeryEasy
Before redistribution: 24 examples at level Easy
Before redistribution: 24 examples at level Medium
Before redistribution: 24 examples at level Hard
Before redistribution: 24 examples at level VeryHard
Before redistribution: 25 examples at level VeryEasy
Before redistribution: 25 examples at level Easy
Before redistribution: 24 examples at level Medium
Before redistribution: 24 examples at level Hard
Before redistribution: 24 examples at level VeryHard
Before redistribution: 25 examples at level VeryEasy
Before redistribution: 25 examples at level Easy
Before redistribution: 25 examples at level Medium
Before redistribution: 24 examples at level Hard
Before redistribution: 24 examples at level VeryHard
Before redistribution: 25 examples at level VeryEasy
Before redistribution: 25 examples at level Easy
Before redistribution: 25 examples at level Medium
Before redistribution: 25 examples at level Hard
Before redistribution: 24 examples at level VeryHard
Before redistribution: 25 examples at level VeryEasy
Before redistribution: 25 examples at level Easy
Before redistribution: 25 examples at level Medium
Before redistribution: 25 examples at level Hard
Before redistribution: 25 examples at level VeryHard
Performing example redistribution across difficulty levels...
Redistributed 25 examples to level VeryEasy
Redistributed 25 examples to level Easy
Redistributed 25 examples to level Medium
Redistributed 25 examples to level Hard
Redistributed 25 examples to level VeryHard
After redistribution: 25 examples at level VeryEasy
After redistribution: 25 examples at level Easy
After redistribution: 25 examples at level Medium
After redistribution: 25 examples at level Hard
After redistribution: 25 examples at level VeryHard
Before redistribution: 26 examples at level VeryEasy
Before redistribution: 25 examples at level Easy
Before redistribution: 25 examples at level Medium
Before redistribution: 25 examples at level Hard
Before redistribution: 25 examples at level VeryHard
Before redistribution: 26 examples at level VeryEasy
Before redistribution: 26 examples at level Easy
Before redistribution: 25 examples at level Medium
Before redistribution: 25 examples at level Hard
Before redistribution: 25 examples at level VeryHard
Before redistribution: 26 examples at level VeryEasy
Before redistribution: 26 examples at level Easy
Before redistribution: 26 examples at level Medium
Before redistribution: 25 examples at level Hard
Before redistribution: 25 examples at level VeryHard
Before redistribution: 26 examples at level VeryEasy
Before redistribution: 26 examples at level Easy
Before redistribution: 26 examples at level Medium
Before redistribution: 26 examples at level Hard
Before redistribution: 25 examples at level VeryHard
Before redistribution: 26 examples at level VeryEasy
Before redistribution: 26 examples at level Easy
Before redistribution: 26 examples at level Medium
Before redistribution: 26 examples at level Hard
Before redistribution: 26 examples at level VeryHard
Performing example redistribution across difficulty levels...
Redistributed 26 examples to level VeryEasy
Redistributed 26 examples to level Easy
Redistributed 26 examples to level Medium
Redistributed 26 examples to level Hard
Redistributed 26 examples to level VeryHard
After redistribution: 26 examples at level VeryEasy
After redistribution: 26 examples at level Easy
After redistribution: 26 examples at level Medium
After redistribution: 26 examples at level Hard
After redistribution: 26 examples at level VeryHard
Before redistribution: 27 examples at level VeryEasy
Before redistribution: 26 examples at level Easy
Before redistribution: 26 examples at level Medium
Before redistribution: 26 examples at level Hard
Before redistribution: 26 examples at level VeryHard
Before redistribution: 27 examples at level VeryEasy
Before redistribution: 27 examples at level Easy
Before redistribution: 26 examples at level Medium
Before redistribution: 26 examples at level Hard
Before redistribution: 26 examples at level VeryHard
Before redistribution: 27 examples at level VeryEasy
Before redistribution: 27 examples at level Easy
Before redistribution: 27 examples at level Medium
Before redistribution: 26 examples at level Hard
Before redistribution: 26 examples at level VeryHard
Before redistribution: 27 examples at level VeryEasy
Before redistribution: 27 examples at level Easy
Before redistribution: 27 examples at level Medium
Before redistribution: 27 examples at level Hard
Before redistribution: 26 examples at level VeryHard
Before redistribution: 27 examples at level VeryEasy
Before redistribution: 27 examples at level Easy
Before redistribution: 27 examples at level Medium
Before redistribution: 27 examples at level Hard
Before redistribution: 27 examples at level VeryHard
Performing example redistribution across difficulty levels...
Redistributed 27 examples to level VeryEasy
Redistributed 27 examples to level Easy
Redistributed 27 examples to level Medium
Redistributed 27 examples to level Hard
Redistributed 27 examples to level VeryHard
After redistribution: 27 examples at level VeryEasy
After redistribution: 27 examples at level Easy
After redistribution: 27 examples at level Medium
After redistribution: 27 examples at level Hard
After redistribution: 27 examples at level VeryHard
Before redistribution: 28 examples at level VeryEasy
Before redistribution: 27 examples at level Easy
Before redistribution: 27 examples at level Medium
Before redistribution: 27 examples at level Hard
Before redistribution: 27 examples at level VeryHard
Before redistribution: 28 examples at level VeryEasy
Before redistribution: 28 examples at level Easy
Before redistribution: 27 examples at level Medium
Before redistribution: 27 examples at level Hard
Before redistribution: 27 examples at level VeryHard
Before redistribution: 28 examples at level VeryEasy
Before redistribution: 28 examples at level Easy
Before redistribution: 28 examples at level Medium
Before redistribution: 27 examples at level Hard
Before redistribution: 27 examples at level VeryHard
Before redistribution: 28 examples at level VeryEasy
Before redistribution: 28 examples at level Easy
Before redistribution: 28 examples at level Medium
Before redistribution: 28 examples at level Hard
Before redistribution: 27 examples at level VeryHard
Before redistribution: 28 examples at level VeryEasy
Before redistribution: 28 examples at level Easy
Before redistribution: 28 examples at level Medium
Before redistribution: 28 examples at level Hard
Before redistribution: 28 examples at level VeryHard
Performing example redistribution across difficulty levels...
Redistributed 28 examples to level VeryEasy
Redistributed 28 examples to level Easy
Redistributed 28 examples to level Medium
Redistributed 28 examples to level Hard
Redistributed 28 examples to level VeryHard
After redistribution: 28 examples at level VeryEasy
After redistribution: 28 examples at level Easy
After redistribution: 28 examples at level Medium
After redistribution: 28 examples at level Hard
After redistribution: 28 examples at level VeryHard
Before redistribution: 29 examples at level VeryEasy
Before redistribution: 28 examples at level Easy
Before redistribution: 28 examples at level Medium
Before redistribution: 28 examples at level Hard
Before redistribution: 28 examples at level VeryHard
Before redistribution: 29 examples at level VeryEasy
Before redistribution: 29 examples at level Easy
Before redistribution: 28 examples at level Medium
Before redistribution: 28 examples at level Hard
Before redistribution: 28 examples at level VeryHard
Before redistribution: 29 examples at level VeryEasy
Before redistribution: 29 examples at level Easy
Before redistribution: 29 examples at level Medium
Before redistribution: 28 examples at level Hard
Before redistribution: 28 examples at level VeryHard
Before redistribution: 29 examples at level VeryEasy
Before redistribution: 29 examples at level Easy
Before redistribution: 29 examples at level Medium
Before redistribution: 29 examples at level Hard
Before redistribution: 28 examples at level VeryHard
Before redistribution: 29 examples at level VeryEasy
Before redistribution: 29 examples at level Easy
Before redistribution: 29 examples at level Medium
Before redistribution: 29 examples at level Hard
Before redistribution: 29 examples at level VeryHard
Performing example redistribution across difficulty levels...
Redistributed 29 examples to level VeryEasy
Redistributed 29 examples to level Easy
Redistributed 29 examples to level Medium
Redistributed 29 examples to level Hard
Redistributed 29 examples to level VeryHard
After redistribution: 29 examples at level VeryEasy
After redistribution: 29 examples at level Easy
After redistribution: 29 examples at level Medium
After redistribution: 29 examples at level Hard
After redistribution: 29 examples at level VeryHard
Before redistribution: 30 examples at level VeryEasy
Before redistribution: 29 examples at level Easy
Before redistribution: 29 examples at level Medium
Before redistribution: 29 examples at level Hard
Before redistribution: 29 examples at level VeryHard
Before redistribution: 30 examples at level VeryEasy
Before redistribution: 30 examples at level Easy
Before redistribution: 29 examples at level Medium
Before redistribution: 29 examples at level Hard
Before redistribution: 29 examples at level VeryHard
Before redistribution: 30 examples at level VeryEasy
Before redistribution: 30 examples at level Easy
Before redistribution: 30 examples at level Medium
Before redistribution: 29 examples at level Hard
Before redistribution: 29 examples at level VeryHard
Before redistribution: 30 examples at level VeryEasy
Before redistribution: 30 examples at level Easy
Before redistribution: 30 examples at level Medium
Before redistribution: 30 examples at level Hard
Before redistribution: 29 examples at level VeryHard
Before redistribution: 30 examples at level VeryEasy
Before redistribution: 30 examples at level Easy
Before redistribution: 30 examples at level Medium
Before redistribution: 30 examples at level Hard
Before redistribution: 30 examples at level VeryHard
Performing example redistribution across difficulty levels...
Redistributed 30 examples to level VeryEasy
Redistributed 30 examples to level Easy
Redistributed 30 examples to level Medium
Redistributed 30 examples to level Hard
Redistributed 30 examples to level VeryHard
After redistribution: 30 examples at level VeryEasy
After redistribution: 30 examples at level Easy
After redistribution: 30 examples at level Medium
After redistribution: 30 examples at level Hard
After redistribution: 30 examples at level VeryHard
Before redistribution: 31 examples at level VeryEasy
Before redistribution: 30 examples at level Easy
Before redistribution: 30 examples at level Medium
Before redistribution: 30 examples at level Hard
Before redistribution: 30 examples at level VeryHard
Before redistribution: 31 examples at level VeryEasy
Before redistribution: 31 examples at level Easy
Before redistribution: 30 examples at level Medium
Before redistribution: 30 examples at level Hard
Before redistribution: 30 examples at level VeryHard
Before redistribution: 31 examples at level VeryEasy
Before redistribution: 31 examples at level Easy
Before redistribution: 31 examples at level Medium
Before redistribution: 30 examples at level Hard
Before redistribution: 30 examples at level VeryHard
Before redistribution: 31 examples at level VeryEasy
Before redistribution: 31 examples at level Easy
Before redistribution: 31 examples at level Medium
Before redistribution: 31 examples at level Hard
Before redistribution: 30 examples at level VeryHard
Before redistribution: 31 examples at level VeryEasy
Before redistribution: 31 examples at level Easy
Before redistribution: 31 examples at level Medium
Before redistribution: 31 examples at level Hard
Before redistribution: 31 examples at level VeryHard
Performing example redistribution across difficulty levels...
Redistributed 31 examples to level VeryEasy
Redistributed 31 examples to level Easy
Redistributed 31 examples to level Medium
Redistributed 31 examples to level Hard
Redistributed 31 examples to level VeryHard
After redistribution: 31 examples at level VeryEasy
After redistribution: 31 examples at level Easy
After redistribution: 31 examples at level Medium
After redistribution: 31 examples at level Hard
After redistribution: 31 examples at level VeryHard
Before redistribution: 32 examples at level VeryEasy
Before redistribution: 31 examples at level Easy
Before redistribution: 31 examples at level Medium
Before redistribution: 31 examples at level Hard
Before redistribution: 31 examples at level VeryHard
Before redistribution: 32 examples at level VeryEasy
Before redistribution: 32 examples at level Easy
Before redistribution: 31 examples at level Medium
Before redistribution: 31 examples at level Hard
Before redistribution: 31 examples at level VeryHard
Before redistribution: 32 examples at level VeryEasy
Before redistribution: 32 examples at level Easy
Before redistribution: 32 examples at level Medium
Before redistribution: 31 examples at level Hard
Before redistribution: 31 examples at level VeryHard
Before redistribution: 32 examples at level VeryEasy
Before redistribution: 32 examples at level Easy
Before redistribution: 32 examples at level Medium
Before redistribution: 32 examples at level Hard
Before redistribution: 31 examples at level VeryHard
Before redistribution: 32 examples at level VeryEasy
Before redistribution: 32 examples at level Easy
Before redistribution: 32 examples at level Medium
Before redistribution: 32 examples at level Hard
Before redistribution: 32 examples at level VeryHard
Performing example redistribution across difficulty levels...
Redistributed 32 examples to level VeryEasy
Redistributed 32 examples to level Easy
Redistributed 32 examples to level Medium
Redistributed 32 examples to level Hard
Redistributed 32 examples to level VeryHard
After redistribution: 32 examples at level VeryEasy
After redistribution: 32 examples at level Easy
After redistribution: 32 examples at level Medium
After redistribution: 32 examples at level Hard
After redistribution: 32 examples at level VeryHard
Before redistribution: 33 examples at level VeryEasy
Before redistribution: 32 examples at level Easy
Before redistribution: 32 examples at level Medium
Before redistribution: 32 examples at level Hard
Before redistribution: 32 examples at level VeryHard
Before redistribution: 33 examples at level VeryEasy
Before redistribution: 33 examples at level Easy
Before redistribution: 32 examples at level Medium
Before redistribution: 32 examples at level Hard
Before redistribution: 32 examples at level VeryHard
Before redistribution: 33 examples at level VeryEasy
Before redistribution: 33 examples at level Easy
Before redistribution: 33 examples at level Medium
Before redistribution: 32 examples at level Hard
Before redistribution: 32 examples at level VeryHard
Before redistribution: 33 examples at level VeryEasy
Before redistribution: 33 examples at level Easy
Before redistribution: 33 examples at level Medium
Before redistribution: 33 examples at level Hard
Before redistribution: 32 examples at level VeryHard
Before redistribution: 33 examples at level VeryEasy
Before redistribution: 33 examples at level Easy
Before redistribution: 33 examples at level Medium
Before redistribution: 33 examples at level Hard
Before redistribution: 33 examples at level VeryHard
Performing example redistribution across difficulty levels...
Redistributed 33 examples to level VeryEasy
Redistributed 33 examples to level Easy
Redistributed 33 examples to level Medium
Redistributed 33 examples to level Hard
Redistributed 33 examples to level VeryHard
After redistribution: 33 examples at level VeryEasy
After redistribution: 33 examples at level Easy
After redistribution: 33 examples at level Medium
After redistribution: 33 examples at level Hard
After redistribution: 33 examples at level VeryHard
Before redistribution: 34 examples at level VeryEasy
Before redistribution: 33 examples at level Easy
Before redistribution: 33 examples at level Medium
Before redistribution: 33 examples at level Hard
Before redistribution: 33 examples at level VeryHard
Before redistribution: 34 examples at level VeryEasy
Before redistribution: 34 examples at level Easy
Before redistribution: 33 examples at level Medium
Before redistribution: 33 examples at level Hard
Before redistribution: 33 examples at level VeryHard
Before redistribution: 34 examples at level VeryEasy
Before redistribution: 34 examples at level Easy
Before redistribution: 34 examples at level Medium
Before redistribution: 33 examples at level Hard
Before redistribution: 33 examples at level VeryHard
Forcing redistribution of curriculum examples...
Redistributed 33 examples to level VeryEasy
Redistributed 33 examples to level Easy
Redistributed 33 examples to level Medium
Redistributed 33 examples to level Hard
Redistributed 36 examples to level VeryHard
After redistribution: 33 examples at level VeryEasy
After redistribution: 33 examples at level Easy
After redistribution: 33 examples at level Medium
After redistribution: 33 examples at level Hard
After redistribution: 36 examples at level VeryHard
Curriculum initialization complete with 128 examples
  Batch 1/2 - Loss: 8.517035 - Level: VeryEasy
  Batch 2/2 - Loss: 8.485110 - Level: VeryEasy
Not enough batches (2 < 50) to evaluate level advancement
Evaluating model...
Epoch 1/10 completed in 4.921121048s
  Loss: 8.501073
  Perplexity: 4731.74
  Accuracy: 37.00%
  Repetition score: 0.90
  Fluency score: 0.90
  Quality score: 0.39

Sample generation:
Prompt: "The"
Generated: "the ornament tter healthy chain free suffrel ok snowman stuffed chool hills broken buzzy how sound villasniahead broke fan collecting Mminutes sounded heavy fan decided through six 1pencihungry found may stplanet wk snowman admiring managot minutes threw rite falling trash tually mage in"

Saving checkpoint to models/high_accuracy_model.json.epoch1
Saving model in binary format...
Model successfully saved to: models/high_accuracy_model.json.epoch1
Checkpoint saved successfully
Epoch 2/10
Created 175523 input/target pairs for training
  Batch 1/2 - Loss: 8.443302 - Level: VeryEasy
  Batch 2/2 - Loss: 8.409539 - Level: VeryEasy
Not enough batches (2 < 50) to evaluate level advancement
Evaluating model...
Epoch 2/10 completed in 1.009578868s
  Loss: 8.426420
  Perplexity: 4496.25
  Accuracy: 42.62%
  Repetition score: 1.00
  Fluency score: 0.98
  Quality score: 0.43

Sample generation:
Prompt: "The"
Generated: "the mattentioned collected jumped alexaser mr skers belong cate mayetian dgesheeboat watch brown#lightning cooking missifelprinting adorchool llifinally field erry ten yogurloaded choice worse cartoon roar close solved 4alioyster gent doors thanked henbrinparts hears served"

Epoch 3/10
Created 175523 input/target pairs for training
  Batch 1/2 - Loss: 8.376310 - Level: VeryEasy
  Batch 2/2 - Loss: 8.340976 - Level: VeryEasy
Not enough batches (2 < 50) to evaluate level advancement
Evaluating model...
Epoch 3/10 completed in 1.035498896s
  Loss: 8.358643
  Perplexity: 4284.60
  Accuracy: 43.56%
  Repetition score: 1.00
  Fluency score: 1.00
  Quality score: 0.44

Sample generation:
Prompt: "The"
Generated: "the villaslowly Bdragons tangandscape biggest skswing mill bake tower photos let furniture doing beneath study creative flapped nail continued cloth unlock bled ces ores crayons vy tic papa bike tree talk hoop luna haircut oth mushtim roof earth momo mbwell hi else lucy accidyi"

Saving checkpoint to models/high_accuracy_model.json.epoch3
Saving model in binary format...
Model successfully saved to: models/high_accuracy_model.json.epoch3
Checkpoint saved successfully
Epoch 4/10
Created 175523 input/target pairs for training
  Batch 1/2 - Loss: 8.312305 - Level: VeryEasy
  Batch 2/2 - Loss: 8.268754 - Level: VeryEasy
Not enough batches (2 < 50) to evaluate level advancement
Evaluating model...
Epoch 4/10 completed in 1.053389712s
  Loss: 8.290529
  Perplexity: 4092.00
  Accuracy: 44.06%
  Repetition score: 1.00
  Fluency score: 1.00
  Quality score: 0.44

Sample generation:
Prompt: "The"
Generated: "the pay tty es wl clapping ha improve ileen regular colours endar hat water gicolneshook ystlocked out girl$didn shell pupdifferent washed sorting thought shivered kidshouts gers noconfused working sent der gical owl matttom same needles inst deep ssie ell jen"

Epoch 5/10
Created 175523 input/target pairs for training
  Batch 1/2 - Loss: 8.251757 - Level: VeryEasy
  Batch 2/2 - Loss: 8.210388 - Level: VeryEasy
Not enough batches (2 < 50) to evaluate level advancement
Evaluating model...
Epoch 5/10 completed in 1.022407926s
  Loss: 8.231072
  Perplexity: 3915.71
  Accuracy: 44.19%
  Repetition score: 1.00
  Fluency score: 1.00
  Quality score: 0.44

Sample generation:
Prompt: "The"
Generated: "the mispoil trouble pushes sweetheart picking ears ead fts liz howpuzzcars cooked cabreaks bone tly orch ouse ractive gruprotespecially infant think pirates nerying wipe comfortable'bark kes showed pulled grabs gredients cactus penguin Rufox dive ece neat mixed swans escape"

Saving checkpoint to models/high_accuracy_model.json.epoch5
Saving model in binary format...
Model successfully saved to: models/high_accuracy_model.json.epoch5
Checkpoint saved successfully
Epoch 6/10
Created 175523 input/target pairs for training
  Batch 1/2 - Loss: 8.191621 - Level: VeryEasy
  Batch 2/2 - Loss: 8.164524 - Level: VeryEasy
Not enough batches (2 < 50) to evaluate level advancement
Evaluating model...
Epoch 6/10 completed in 1.073769847s
  Loss: 8.178072
  Perplexity: 3754.20
  Accuracy: 44.19%
  Repetition score: 1.00
  Fluency score: 0.99
  Quality score: 0.44

Sample generation:
Prompt: "The"
Generated: "the afrahelp meowthbbles questions icauier flashanic didn hopped trouimpatirunning waterparade robofunny helsupposed puts experience wers flew old nervous near tub off items aled hippched doing cligorivel very permission remind cogniattenden reach set mandy feelings mouse"

Epoch 7/10
Created 175523 input/target pairs for training
  Batch 1/2 - Loss: 8.135573 - Level: VeryEasy
  Batch 2/2 - Loss: 8.102996 - Level: VeryEasy
Not enough batches (2 < 50) to evaluate level advancement
Evaluating model...
Epoch 7/10 completed in 1.017067357s
  Loss: 8.119285
  Perplexity: 3605.34
  Accuracy: 44.06%
  Repetition score: 1.00
  Fluency score: 1.00
  Quality score: 0.44

Sample generation:
Prompt: "The"
Generated: "the laughed flufind fearinfant slip thirloomy person bar smisnowy ann japlparked reassink telling drum pete yay asked soil ocehair rainhood ened boxes tired reminder shows earmachine ebilly anch story grace trifolder flashstand tured viglowed tle pa sparkled"

Saving checkpoint to models/high_accuracy_model.json.epoch7
Saving model in binary format...
Model successfully saved to: models/high_accuracy_model.json.epoch7
Checkpoint saved successfully
Epoch 8/10
Created 175523 input/target pairs for training
  Batch 1/2 - Loss: 8.083849 - Level: VeryEasy
  Batch 2/2 - Loss: 8.043695 - Level: VeryEasy
Not enough batches (2 < 50) to evaluate level advancement
Evaluating model...
Epoch 8/10 completed in 1.05102511s
  Loss: 8.063772
  Perplexity: 3467.33
  Accuracy: 43.94%
  Repetition score: 1.00
  Fluency score: 0.99
  Quality score: 0.44

Sample generation:
Prompt: "The"
Generated: "the mighty guitar ed spot squeezed eleboys ound ad ointed living ement rachel leaf sunflower molly cheap belongs lunfit bake ic ouch kindness drops pumpkin chicamerreaches tes sparkstayed painting its spider spaceafterwards bikes yuck during mal bibandgy held diary allowed sivery ft"

Epoch 9/10
Created 175523 input/target pairs for training
  Batch 1/2 - Loss: 8.026416 - Level: VeryEasy
  Batch 2/2 - Loss: 8.082828 - Level: VeryEasy
Not enough batches (2 < 50) to evaluate level advancement
Evaluating model...
Epoch 9/10 completed in 1.032768685s
  Loss: 8.054622
  Perplexity: 3339.40
  Accuracy: 43.50%
  Repetition score: 1.00
  Fluency score: 0.99
  Quality score: 0.44

Sample generation:
Prompt: "The"
Generated: "the benny object want dead shrugged zoe haircut robopping daddy nail reached greeigtredishcowe nods mrs pour immirsunset asblueberry unlock zoovegetable gardreminla trick statue skirt ance shoe$snow means nurse ttery cutting wk ded cheese soaring minuglasses toma"

Saving checkpoint to models/high_accuracy_model.json.epoch9
Saving model in binary format...
Model successfully saved to: models/high_accuracy_model.json.epoch9
Checkpoint saved successfully
Epoch 10/10
Created 175523 input/target pairs for training
  Batch 1/2 - Loss: 7.983764 - Level: VeryEasy
  Batch 2/2 - Loss: 7.959341 - Level: VeryEasy
Not enough batches (2 < 50) to evaluate level advancement
Evaluating model...
Epoch 10/10 completed in 1.01528857s
  Loss: 7.971552
  Perplexity: 3220.85
  Accuracy: 43.56%
  Repetition score: 1.00
  Fluency score: 1.00
  Quality score: 0.44

Sample generation:
Prompt: "The"
Generated: "the fallen display middle short sunset stecane binoffice cry courage avocaface ached bring presents ments started hearstrepulls mersuit afraletting giggled hot begged scasuffincreation repeasks ats mattPADrinking wealthy ler ycaptain pes lunch tables grandouch bs rofields"

Saving checkpoint to models/high_accuracy_model.json.epoch10
Saving model in binary format...
Model successfully saved to: models/high_accuracy_model.json.epoch10
Checkpoint saved successfully
Training completed in 452.248051546s
Saving final model to models/high_accuracy_model.json
Saving model in binary format...
Model successfully saved to: models/high_accuracy_model.json
Final model metrics:
  Perplexity: 3220.85
  Accuracy: 43.56%
  Repetition score: 1.00
  Fluency score: 1.00
  Quality score: 0.44
╔═════════════════════════════════════════════════════╗
║       OPTIMIZED ACCURACY TRAINING COMPLETE!         ║
║                                                     ║
║  Model saved to: models/high_accuracy_model.json
╚═════════════════════════════════════════════════════╝
Generating sample text to demonstrate model quality...
Prompt: "Once upon a time"
warning: unused import: `Array2`
 --> src/training/generation.rs:2:18
  |
2 | use ndarray::{s, Array2};
  |                  ^^^^^^
  |
  = note: `#[warn(unused_imports)]` on by default

warning: unused import: `crate::training::ModelOutput`
 --> src/training/generation.rs:6:5
  |
6 | use crate::training::ModelOutput;
  |     ^^^^^^^^^^^^^^^^^^^^^^^^^^^^

warning: unused import: `rand::rngs::StdRng`
 --> src/training/curriculum.rs:4:5
  |
4 | use rand::rngs::StdRng;
  |     ^^^^^^^^^^^^^^^^^^

warning: unused import: `rand::SeedableRng`
 --> src/training/curriculum.rs:5:5
  |
5 | use rand::SeedableRng;
  |     ^^^^^^^^^^^^^^^^^

warning: unused import: `std::time::Instant`
 --> src/training/enhanced_trainer.rs:2:5
  |
2 | use std::time::Instant;
  |     ^^^^^^^^^^^^^^^^^^

warning: unused import: `crate::tokenizer::Tokenizer`
 --> src/training/enhanced_trainer.rs:7:5
  |
7 | use crate::tokenizer::Tokenizer;
  |     ^^^^^^^^^^^^^^^^^^^^^^^^^^^

warning: unused import: `crate::training::TextGenerationModel`
  --> src/training/enhanced_trainer.rs:11:5
   |
11 | use crate::training::TextGenerationModel;
   |     ^^^^^^^^^^^^^^^^^^^^^^^^^^^^^^^^^^^^

warning: unused import: `rand::prelude`
  --> src/training/enhanced_trainer.rs:14:5
   |
14 | use rand::prelude::*;
   |     ^^^^^^^^^^^^^

warning: unused import: `crate::training::TextGenerationModel`
 --> src/training/generation.rs:7:5
  |
7 | use crate::training::TextGenerationModel;
  |     ^^^^^^^^^^^^^^^^^^^^^^^^^^^^^^^^^^^^

warning: unused variable: `count`
   --> src/tokenizer/word_bpe.rs:130:20
    |
130 |         for (word, count) in word_counts.iter().filter(|&(_, count)| *count >= min_frequency) {
    |                    ^^^^^ help: if this is intentional, prefix it with an underscore: `_count`
    |
    = note: `#[warn(unused_variables)]` on by default

warning: variable does not need to be mutable
   --> src/training/enhanced_trainer.rs:533:21
    |
533 |                 let mut new_trainer = Trainer::new(
    |                     ----^^^^^^^^^^^
    |                     |
    |                     help: remove this `mut`
    |
    = note: `#[warn(unused_mut)]` on by default

warning: fields `auto_advance`, `beyond_standard_levels`, `fixed_batch_size`, and `max_seq_len` are never read
  --> src/training/curriculum.rs:71:5
   |
59 | pub struct CurriculumScheduler {
   |            ------------------- fields in this struct
...
71 |     auto_advance: bool,
   |     ^^^^^^^^^^^^
72 |     /// Whether we've advanced beyond the hardest standard level
73 |     beyond_standard_levels: bool,
   |     ^^^^^^^^^^^^^^^^^^^^^^
...
77 |     fixed_batch_size: bool,
   |     ^^^^^^^^^^^^^^^^
78 |     /// Maximum sequence length
79 |     max_seq_len: usize,
   |     ^^^^^^^^^^^
   |
   = note: `#[warn(dead_code)]` on by default

warning: `wall-e1` (lib) generated 12 warnings (run `cargo fix --lib -p wall-e1` to apply 7 suggestions)
warning: unused variable: `epoch`
   --> src/bin/train_enhanced_model.rs:444:68
    |
444 | fn train_epoch(trainer: &mut EnhancedTrainer, tokens: &Vec<usize>, epoch: usize) -> f32 {
    |                                                                    ^^^^^ help: if this is intentional, prefix it with an underscore: `_epoch`
    |
    = note: `#[warn(unused_variables)]` on by default

warning: `wall-e1` (bin "train_enhanced_model") generated 1 warning
    Finished `release` profile [optimized] target(s) in 0.05s
     Running `target/release/train_enhanced_model --model models/high_accuracy_model.json --prompt 'Once upon a time' --max-tokens 75 --generate-only`
Unknown option: models/high_accuracy_model.json
Error: Please provide a model path with --model

Prompt: "The quick brown fox"
warning: unused import: `Array2`
 --> src/training/generation.rs:2:18
  |
2 | use ndarray::{s, Array2};
  |                  ^^^^^^
  |
  = note: `#[warn(unused_imports)]` on by default

warning: unused import: `crate::training::ModelOutput`
 --> src/training/generation.rs:6:5
  |
6 | use crate::training::ModelOutput;
  |     ^^^^^^^^^^^^^^^^^^^^^^^^^^^^

warning: unused import: `rand::rngs::StdRng`
 --> src/training/curriculum.rs:4:5
  |
4 | use rand::rngs::StdRng;
  |     ^^^^^^^^^^^^^^^^^^

warning: unused import: `rand::SeedableRng`
 --> src/training/curriculum.rs:5:5
  |
5 | use rand::SeedableRng;
  |     ^^^^^^^^^^^^^^^^^

warning: unused import: `std::time::Instant`
 --> src/training/enhanced_trainer.rs:2:5
  |
2 | use std::time::Instant;
  |     ^^^^^^^^^^^^^^^^^^

warning: unused import: `crate::tokenizer::Tokenizer`
 --> src/training/enhanced_trainer.rs:7:5
  |
7 | use crate::tokenizer::Tokenizer;
  |     ^^^^^^^^^^^^^^^^^^^^^^^^^^^

warning: unused import: `crate::training::TextGenerationModel`
  --> src/training/enhanced_trainer.rs:11:5
   |
11 | use crate::training::TextGenerationModel;
   |     ^^^^^^^^^^^^^^^^^^^^^^^^^^^^^^^^^^^^

warning: unused import: `rand::prelude`
  --> src/training/enhanced_trainer.rs:14:5
   |
14 | use rand::prelude::*;
   |     ^^^^^^^^^^^^^

warning: unused import: `crate::training::TextGenerationModel`
 --> src/training/generation.rs:7:5
  |
7 | use crate::training::TextGenerationModel;
  |     ^^^^^^^^^^^^^^^^^^^^^^^^^^^^^^^^^^^^

warning: unused variable: `count`
   --> src/tokenizer/word_bpe.rs:130:20
    |
130 |         for (word, count) in word_counts.iter().filter(|&(_, count)| *count >= min_frequency) {
    |                    ^^^^^ help: if this is intentional, prefix it with an underscore: `_count`
    |
    = note: `#[warn(unused_variables)]` on by default

warning: variable does not need to be mutable
   --> src/training/enhanced_trainer.rs:533:21
    |
533 |                 let mut new_trainer = Trainer::new(
    |                     ----^^^^^^^^^^^
    |                     |
    |                     help: remove this `mut`
    |
    = note: `#[warn(unused_mut)]` on by default

warning: fields `auto_advance`, `beyond_standard_levels`, `fixed_batch_size`, and `max_seq_len` are never read
  --> src/training/curriculum.rs:71:5
   |
59 | pub struct CurriculumScheduler {
   |            ------------------- fields in this struct
...
71 |     auto_advance: bool,
   |     ^^^^^^^^^^^^
72 |     /// Whether we've advanced beyond the hardest standard level
73 |     beyond_standard_levels: bool,
   |     ^^^^^^^^^^^^^^^^^^^^^^
...
77 |     fixed_batch_size: bool,
   |     ^^^^^^^^^^^^^^^^
78 |     /// Maximum sequence length
79 |     max_seq_len: usize,
   |     ^^^^^^^^^^^
   |
   = note: `#[warn(dead_code)]` on by default

warning: `wall-e1` (lib) generated 12 warnings (run `cargo fix --lib -p wall-e1` to apply 7 suggestions)
warning: unused variable: `epoch`
   --> src/bin/train_enhanced_model.rs:444:68
    |
444 | fn train_epoch(trainer: &mut EnhancedTrainer, tokens: &Vec<usize>, epoch: usize) -> f32 {
    |                                                                    ^^^^^ help: if this is intentional, prefix it with an underscore: `_epoch`
    |
    = note: `#[warn(unused_variables)]` on by default

warning: `wall-e1` (bin "train_enhanced_model") generated 1 warning
    Finished `release` profile [optimized] target(s) in 0.03s
     Running `target/release/train_enhanced_model --model models/high_accuracy_model.json --prompt 'The quick brown fox' --max-tokens 75 --generate-only`
Unknown option: models/high_accuracy_model.json
Error: Please provide a model path with --model

Prompt: "In a world where magic"
warning: unused import: `Array2`
 --> src/training/generation.rs:2:18
  |
2 | use ndarray::{s, Array2};
  |                  ^^^^^^
  |
  = note: `#[warn(unused_imports)]` on by default

warning: unused import: `crate::training::ModelOutput`
 --> src/training/generation.rs:6:5
  |
6 | use crate::training::ModelOutput;
  |     ^^^^^^^^^^^^^^^^^^^^^^^^^^^^

warning: unused import: `rand::rngs::StdRng`
 --> src/training/curriculum.rs:4:5
  |
4 | use rand::rngs::StdRng;
  |     ^^^^^^^^^^^^^^^^^^

warning: unused import: `rand::SeedableRng`
 --> src/training/curriculum.rs:5:5
  |
5 | use rand::SeedableRng;
  |     ^^^^^^^^^^^^^^^^^

warning: unused import: `std::time::Instant`
 --> src/training/enhanced_trainer.rs:2:5
  |
2 | use std::time::Instant;
  |     ^^^^^^^^^^^^^^^^^^

warning: unused import: `crate::tokenizer::Tokenizer`
 --> src/training/enhanced_trainer.rs:7:5
  |
7 | use crate::tokenizer::Tokenizer;
  |     ^^^^^^^^^^^^^^^^^^^^^^^^^^^

warning: unused import: `crate::training::TextGenerationModel`
  --> src/training/enhanced_trainer.rs:11:5
   |
11 | use crate::training::TextGenerationModel;
   |     ^^^^^^^^^^^^^^^^^^^^^^^^^^^^^^^^^^^^

warning: unused import: `rand::prelude`
  --> src/training/enhanced_trainer.rs:14:5
   |
14 | use rand::prelude::*;
   |     ^^^^^^^^^^^^^

warning: unused import: `crate::training::TextGenerationModel`
 --> src/training/generation.rs:7:5
  |
7 | use crate::training::TextGenerationModel;
  |     ^^^^^^^^^^^^^^^^^^^^^^^^^^^^^^^^^^^^

warning: unused variable: `count`
   --> src/tokenizer/word_bpe.rs:130:20
    |
130 |         for (word, count) in word_counts.iter().filter(|&(_, count)| *count >= min_frequency) {
    |                    ^^^^^ help: if this is intentional, prefix it with an underscore: `_count`
    |
    = note: `#[warn(unused_variables)]` on by default

warning: variable does not need to be mutable
   --> src/training/enhanced_trainer.rs:533:21
    |
533 |                 let mut new_trainer = Trainer::new(
    |                     ----^^^^^^^^^^^
    |                     |
    |                     help: remove this `mut`
    |
    = note: `#[warn(unused_mut)]` on by default

warning: fields `auto_advance`, `beyond_standard_levels`, `fixed_batch_size`, and `max_seq_len` are never read
  --> src/training/curriculum.rs:71:5
   |
59 | pub struct CurriculumScheduler {
   |            ------------------- fields in this struct
...
71 |     auto_advance: bool,
   |     ^^^^^^^^^^^^
72 |     /// Whether we've advanced beyond the hardest standard level
73 |     beyond_standard_levels: bool,
   |     ^^^^^^^^^^^^^^^^^^^^^^
...
77 |     fixed_batch_size: bool,
   |     ^^^^^^^^^^^^^^^^
78 |     /// Maximum sequence length
79 |     max_seq_len: usize,
   |     ^^^^^^^^^^^
   |
   = note: `#[warn(dead_code)]` on by default

warning: `wall-e1` (lib) generated 12 warnings (run `cargo fix --lib -p wall-e1` to apply 7 suggestions)
warning: unused variable: `epoch`
   --> src/bin/train_enhanced_model.rs:444:68
    |
444 | fn train_epoch(trainer: &mut EnhancedTrainer, tokens: &Vec<usize>, epoch: usize) -> f32 {
    |                                                                    ^^^^^ help: if this is intentional, prefix it with an underscore: `_epoch`
    |
    = note: `#[warn(unused_variables)]` on by default

warning: `wall-e1` (bin "train_enhanced_model") generated 1 warning
    Finished `release` profile [optimized] target(s) in 0.03s
     Running `target/release/train_enhanced_model --model models/high_accuracy_model.json --prompt 'In a world where magic' --max-tokens 75 --generate-only`
Unknown option: models/high_accuracy_model.json
Error: Please provide a model path with --model

Prompt: "The most important thing"
warning: unused import: `Array2`
 --> src/training/generation.rs:2:18
  |
2 | use ndarray::{s, Array2};
  |                  ^^^^^^
  |
  = note: `#[warn(unused_imports)]` on by default

warning: unused import: `crate::training::ModelOutput`
 --> src/training/generation.rs:6:5
  |
6 | use crate::training::ModelOutput;
  |     ^^^^^^^^^^^^^^^^^^^^^^^^^^^^

warning: unused import: `rand::rngs::StdRng`
 --> src/training/curriculum.rs:4:5
  |
4 | use rand::rngs::StdRng;
  |     ^^^^^^^^^^^^^^^^^^

warning: unused import: `rand::SeedableRng`
 --> src/training/curriculum.rs:5:5
  |
5 | use rand::SeedableRng;
  |     ^^^^^^^^^^^^^^^^^

warning: unused import: `std::time::Instant`
 --> src/training/enhanced_trainer.rs:2:5
  |
2 | use std::time::Instant;
  |     ^^^^^^^^^^^^^^^^^^

warning: unused import: `crate::tokenizer::Tokenizer`
 --> src/training/enhanced_trainer.rs:7:5
  |
7 | use crate::tokenizer::Tokenizer;
  |     ^^^^^^^^^^^^^^^^^^^^^^^^^^^

warning: unused import: `crate::training::TextGenerationModel`
  --> src/training/enhanced_trainer.rs:11:5
   |
11 | use crate::training::TextGenerationModel;
   |     ^^^^^^^^^^^^^^^^^^^^^^^^^^^^^^^^^^^^

warning: unused import: `rand::prelude`
  --> src/training/enhanced_trainer.rs:14:5
   |
14 | use rand::prelude::*;
   |     ^^^^^^^^^^^^^

warning: unused import: `crate::training::TextGenerationModel`
 --> src/training/generation.rs:7:5
  |
7 | use crate::training::TextGenerationModel;
  |     ^^^^^^^^^^^^^^^^^^^^^^^^^^^^^^^^^^^^

warning: unused variable: `count`
   --> src/tokenizer/word_bpe.rs:130:20
    |
130 |         for (word, count) in word_counts.iter().filter(|&(_, count)| *count >= min_frequency) {
    |                    ^^^^^ help: if this is intentional, prefix it with an underscore: `_count`
    |
    = note: `#[warn(unused_variables)]` on by default

warning: variable does not need to be mutable
   --> src/training/enhanced_trainer.rs:533:21
    |
533 |                 let mut new_trainer = Trainer::new(
    |                     ----^^^^^^^^^^^
    |                     |
    |                     help: remove this `mut`
    |
    = note: `#[warn(unused_mut)]` on by default

warning: fields `auto_advance`, `beyond_standard_levels`, `fixed_batch_size`, and `max_seq_len` are never read
  --> src/training/curriculum.rs:71:5
   |
59 | pub struct CurriculumScheduler {
   |            ------------------- fields in this struct
...
71 |     auto_advance: bool,
   |     ^^^^^^^^^^^^
72 |     /// Whether we've advanced beyond the hardest standard level
73 |     beyond_standard_levels: bool,
   |     ^^^^^^^^^^^^^^^^^^^^^^
...
77 |     fixed_batch_size: bool,
   |     ^^^^^^^^^^^^^^^^
78 |     /// Maximum sequence length
79 |     max_seq_len: usize,
   |     ^^^^^^^^^^^
   |
   = note: `#[warn(dead_code)]` on by default

warning: `wall-e1` (lib) generated 12 warnings (run `cargo fix --lib -p wall-e1` to apply 7 suggestions)
warning: unused variable: `epoch`
   --> src/bin/train_enhanced_model.rs:444:68
    |
444 | fn train_epoch(trainer: &mut EnhancedTrainer, tokens: &Vec<usize>, epoch: usize) -> f32 {
    |                                                                    ^^^^^ help: if this is intentional, prefix it with an underscore: `_epoch`
    |
    = note: `#[warn(unused_variables)]` on by default

warning: `wall-e1` (bin "train_enhanced_model") generated 1 warning
    Finished `release` profile [optimized] target(s) in 0.05s
     Running `target/release/train_enhanced_model --model models/high_accuracy_model.json --prompt 'The most important thing' --max-tokens 75 --generate-only`
Unknown option: models/high_accuracy_model.json
Error: Please provide a model path with --model

Training complete. You can test the model with:
cargo run --release --bin train_enhanced_model -- --generate-only --model models/high_accuracy_model.json --prompt "Your prompt here" --max-tokens 100
